Component: ARM Compiler 5.06 update 6 (build 750) Tool: armlink [4d35ed]

==============================================================================

Section Cross References

    main.o(i.SystemClock_Config) refers to memseta.o(.text) for __aeabi_memclr4
    main.o(i.SystemClock_Config) refers to stm32f4xx_hal_rcc.o(i.HAL_RCC_OscConfig) for HAL_RCC_OscConfig
    main.o(i.SystemClock_Config) refers to stm32f4xx_hal_rcc.o(i.HAL_RCC_ClockConfig) for HAL_RCC_ClockConfig
    main.o(i.main) refers to stm32f4xx_hal.o(i.HAL_Init) for HAL_Init
    main.o(i.main) refers to main.o(i.SystemClock_Config) for SystemClock_Config
    main.o(i.main) refers to gpio.o(i.MX_GPIO_Init) for MX_GPIO_Init
    main.o(i.main) refers to dma.o(i.MX_DMA_Init) for MX_DMA_Init
    main.o(i.main) refers to adc.o(i.MX_ADC1_Init) for MX_ADC1_Init
    main.o(i.main) refers to can.o(i.MX_CAN1_Init) for MX_CAN1_Init
    main.o(i.main) refers to spi.o(i.MX_SPI1_Init) for MX_SPI1_Init
    main.o(i.main) refers to usart.o(i.MX_USART1_UART_Init) for MX_USART1_UART_Init
    main.o(i.main) refers to freertos.o(i.MX_FREERTOS_Init) for MX_FREERTOS_Init
    main.o(i.main) refers to cmsis_os.o(i.osKernelStart) for osKernelStart
    gpio.o(i.MX_GPIO_Init) refers to memseta.o(.text) for __aeabi_memclr4
    gpio.o(i.MX_GPIO_Init) refers to stm32f4xx_hal_gpio.o(i.HAL_GPIO_WritePin) for HAL_GPIO_WritePin
    gpio.o(i.MX_GPIO_Init) refers to stm32f4xx_hal_gpio.o(i.HAL_GPIO_Init) for HAL_GPIO_Init
    gpio.o(i.MX_GPIO_Init) refers to stm32f4xx_hal_cortex.o(i.HAL_NVIC_SetPriority) for HAL_NVIC_SetPriority
    gpio.o(i.MX_GPIO_Init) refers to stm32f4xx_hal_cortex.o(i.HAL_NVIC_EnableIRQ) for HAL_NVIC_EnableIRQ
    adc.o(i.MX_ADC1_Init) refers to stm32f4xx_hal_adc.o(i.HAL_ADC_Init) for HAL_ADC_Init
    adc.o(i.MX_ADC1_Init) refers to main.o(i.Error_Handler) for Error_Handler
    adc.o(i.MX_ADC1_Init) refers to stm32f4xx_hal_adc.o(i.HAL_ADC_ConfigChannel) for HAL_ADC_ConfigChannel
    adc.o(i.MX_ADC1_Init) refers to adc.o(.bss) for .bss
    can.o(i.HAL_CAN_MspDeInit) refers to stm32f4xx_hal_gpio.o(i.HAL_GPIO_DeInit) for HAL_GPIO_DeInit
    can.o(i.HAL_CAN_MspInit) refers to memseta.o(.text) for __aeabi_memclr4
    can.o(i.HAL_CAN_MspInit) refers to stm32f4xx_hal_gpio.o(i.HAL_GPIO_Init) for HAL_GPIO_Init
    can.o(i.MX_CAN1_Init) refers to stm32f4xx_hal_can.o(i.HAL_CAN_Init) for HAL_CAN_Init
    can.o(i.MX_CAN1_Init) refers to main.o(i.Error_Handler) for Error_Handler
    can.o(i.MX_CAN1_Init) refers to can.o(.bss) for .bss
    dma.o(i.MX_DMA_Init) refers to stm32f4xx_hal_cortex.o(i.HAL_NVIC_SetPriority) for HAL_NVIC_SetPriority
    dma.o(i.MX_DMA_Init) refers to stm32f4xx_hal_cortex.o(i.HAL_NVIC_EnableIRQ) for HAL_NVIC_EnableIRQ
    freertos.o(i.MX_FREERTOS_Init) refers to memcpya.o(.text) for __aeabi_memcpy4
    freertos.o(i.MX_FREERTOS_Init) refers to cmsis_os.o(i.osThreadCreate) for osThreadCreate
    freertos.o(i.MX_FREERTOS_Init) refers to led_task.o(i.led_task_creat) for led_task_creat
    freertos.o(i.MX_FREERTOS_Init) refers to imu_task.o(i.imu_task_creat) for imu_task_creat
    freertos.o(i.MX_FREERTOS_Init) refers to freertos.o(.constdata) for .constdata
    freertos.o(i.MX_FREERTOS_Init) refers to freertos.o(.data) for .data
    freertos.o(i.StartDefaultTask) refers to cmsis_os.o(i.osDelay) for osDelay
    freertos.o(i.vApplicationGetIdleTaskMemory) refers to freertos.o(.bss) for .bss
    freertos.o(.constdata) refers to freertos.o(.conststring) for .conststring
    freertos.o(.constdata) refers to freertos.o(i.StartDefaultTask) for StartDefaultTask
    spi.o(i.HAL_SPI_MspDeInit) refers to stm32f4xx_hal_gpio.o(i.HAL_GPIO_DeInit) for HAL_GPIO_DeInit
    spi.o(i.HAL_SPI_MspDeInit) refers to stm32f4xx_hal_dma.o(i.HAL_DMA_DeInit) for HAL_DMA_DeInit
    spi.o(i.HAL_SPI_MspInit) refers to memseta.o(.text) for __aeabi_memclr4
    spi.o(i.HAL_SPI_MspInit) refers to stm32f4xx_hal_gpio.o(i.HAL_GPIO_Init) for HAL_GPIO_Init
    spi.o(i.HAL_SPI_MspInit) refers to stm32f4xx_hal_dma.o(i.HAL_DMA_Init) for HAL_DMA_Init
    spi.o(i.HAL_SPI_MspInit) refers to main.o(i.Error_Handler) for Error_Handler
    spi.o(i.HAL_SPI_MspInit) refers to spi.o(.bss) for .bss
    spi.o(i.MX_SPI1_Init) refers to stm32f4xx_hal_spi.o(i.HAL_SPI_Init) for HAL_SPI_Init
    spi.o(i.MX_SPI1_Init) refers to main.o(i.Error_Handler) for Error_Handler
    spi.o(i.MX_SPI1_Init) refers to spi.o(.bss) for .bss
    usart.o(i.HAL_UART_MspDeInit) refers to stm32f4xx_hal_gpio.o(i.HAL_GPIO_DeInit) for HAL_GPIO_DeInit
    usart.o(i.HAL_UART_MspDeInit) refers to stm32f4xx_hal_cortex.o(i.HAL_NVIC_DisableIRQ) for HAL_NVIC_DisableIRQ
    usart.o(i.HAL_UART_MspInit) refers to memseta.o(.text) for __aeabi_memclr4
    usart.o(i.HAL_UART_MspInit) refers to stm32f4xx_hal_gpio.o(i.HAL_GPIO_Init) for HAL_GPIO_Init
    usart.o(i.HAL_UART_MspInit) refers to stm32f4xx_hal_cortex.o(i.HAL_NVIC_SetPriority) for HAL_NVIC_SetPriority
[...]
    i.UART_SetConfig                         0x080042dc   Section        0  stm32f4xx_hal_uart.o(i.UART_SetConfig)
    UART_SetConfig                           0x080042dd   Thumb Code   286  stm32f4xx_hal_uart.o(i.UART_SetConfig)
    i.UART_Transmit_IT                       0x08004404   Section        0  stm32f4xx_hal_uart.o(i.UART_Transmit_IT)
    UART_Transmit_IT                         0x08004405   Thumb Code    98  stm32f4xx_hal_uart.o(i.UART_Transmit_IT)
    i.USART1_IRQHandler                      0x08004468   Section        0  stm32f4xx_it.o(i.USART1_IRQHandler)
    i.UsageFault_Handler                     0x08004474   Section        0  stm32f4xx_it.o(i.UsageFault_Handler)
    i.__ARM_fpclassifyf                      0x08004476   Section        0  fpclassifyf.o(i.__ARM_fpclassifyf)
    i.__NVIC_SetPriority                     0x0800449c   Section        0  stm32f4xx_hal_cortex.o(i.__NVIC_SetPriority)
    __NVIC_SetPriority                       0x0800449d   Thumb Code    32  stm32f4xx_hal_cortex.o(i.__NVIC_SetPriority)
    i.__hardfp_asinf                         0x080044bc   Section        0  asinf.o(i.__hardfp_asinf)
    i.__hardfp_atan2f                        0x080045e8   Section        0  atan2f.o(i.__hardfp_atan2f)
    i.__hardfp_sqrtf                         0x08004838   Section        0  sqrtf_full.o(i.__hardfp_sqrtf)
    i.__mathlib_flt_infnan                   0x08004872   Section        0  funder.o(i.__mathlib_flt_infnan)
    i.__mathlib_flt_infnan2                  0x08004878   Section        0  funder.o(i.__mathlib_flt_infnan2)
    i.__mathlib_flt_invalid                  0x08004880   Section        0  funder.o(i.__mathlib_flt_invalid)
    i.__mathlib_flt_underflow                0x08004890   Section        0  funder.o(i.__mathlib_flt_underflow)
    i.__scatterload_copy                     0x080048a0   Section       14  handlers.o(i.__scatterload_copy)
    i.__scatterload_null                     0x080048ae   Section        2  handlers.o(i.__scatterload_null)
    i.__scatterload_zeroinit                 0x080048b0   Section       14  handlers.o(i.__scatterload_zeroinit)
    i.__set_errno                            0x080048c0   Section        0  errno.o(i.__set_errno)
    i.accel_comple_filter                    0x080048cc   Section        0  ahrs.o(i.accel_comple_filter)
    accel_comple_filter                      0x080048cd   Thumb Code   454  ahrs.o(i.accel_comple_filter)
    i.accel_update_kp_ki                     0x08004a9c   Section        0  ahrs.o(i.accel_update_kp_ki)
    accel_update_kp_ki                       0x08004a9d   Thumb Code   370  ahrs.o(i.accel_update_kp_ki)
    i.angle_to_quat                          0x08004c28   Section        0  ahrs.o(i.angle_to_quat)
    angle_to_quat                            0x08004c29   Thumb Code   364  ahrs.o(i.angle_to_quat)
    i.bmi088_accel_init                      0x08004d94   Section        0  bmi088driver.o(i.bmi088_accel_init)
    i.bmi088_accel_self_test                 0x08004ea4   Section        0  bmi088driver.o(i.bmi088_accel_self_test)
    i.bmi088_gyro_init                       0x08005138   Section        0  bmi088driver.o(i.bmi088_gyro_init)
    i.bmi088_gyro_self_test                  0x08005214   Section        0  bmi088driver.o(i.bmi088_gyro_self_test)
    i.cali_accel_hook                        0x080052de   Section        0  bsp_offset.o(i.cali_accel_hook)
    cali_accel_hook                          0x080052df   Thumb Code     4  bsp_offset.o(i.cali_accel_hook)
    i.cali_data_read                         0x080052e4   Section        0  bsp_offset.o(i.cali_data_read)
    cali_data_read                           0x080052e5   Thumb Code   130  bsp_offset.o(i.cali_data_read)
    i.cali_gyro_hook                         0x08005370   Section        0  bsp_offset.o(i.cali_gyro_hook)
    cali_gyro_hook                           0x08005371   Thumb Code    54  bsp_offset.o(i.cali_gyro_hook)
    i.cali_imu_data_write                    0x080053ac   Section        0  bsp_offset.o(i.cali_imu_data_write)
    cali_imu_data_write                      0x080053ad   Thumb Code   100  bsp_offset.o(i.cali_imu_data_write)
    i.cali_mag_hook                          0x08005418   Section        0  bsp_offset.o(i.cali_mag_hook)
    cali_mag_hook                            0x08005419   Thumb Code     4  bsp_offset.o(i.cali_mag_hook)
    i.cali_param_init                        0x0800541c   Section        0  bsp_offset.o(i.cali_param_init)
    i.calibrate_imu                          0x08005494   Section        0  bsp_offset.o(i.calibrate_imu)
    i.flash_erase_address                    0x080054fc   Section        0  bsp_flash.o(i.flash_erase_address)
    i.flash_read                             0x08005526   Section        0  bsp_flash.o(i.flash_read)
    i.flash_write_single_address             0x08005534   Section        0  bsp_flash.o(i.flash_write_single_address)
    i.ger_sector                             0x0800559c   Section        0  bsp_flash.o(i.ger_sector)
    ger_sector                               0x0800559d   Thumb Code   150  bsp_flash.o(i.ger_sector)
    i.get_angle                              0x08005660   Section        0  ahrs.o(i.get_angle)
    i.get_next_flash_address                 0x08005748   Section        0  bsp_flash.o(i.get_next_flash_address)
    i.gyro_offset_calc                       0x0800581c   Section        0  bsp_bmi088.o(i.gyro_offset_calc)
    i.imu_cali_gyro                          0x0800585c   Section        0  bsp_bmi088.o(i.imu_cali_gyro)
    i.imu_cali_slove                         0x080058bc   Section        0  bsp_bmi088.o(i.imu_cali_slove)
    imu_cali_slove                           0x080058bd   Thumb Code   228  bsp_bmi088.o(i.imu_cali_slove)
    i.imu_cmd_spi_dma                        0x080059a8   Section        0  bsp_bmi088.o(i.imu_cmd_spi_dma)
    imu_cmd_spi_dma                          0x080059a9   Thumb Code   226  bsp_bmi088.o(i.imu_cmd_spi_dma)
    i.imu_continuous_processing              0x08005a9c   Section        0  bsp_bmi088.o(i.imu_continuous_processing)
    i.imu_set_cali_gyro                      0x08005aec   Section        0  bsp_bmi088.o(i.imu_set_cali_gyro)
    i.imu_task                               0x08005b14   Section        0  imu_task.o(i.imu_task)
    i.imu_task_creat                         0x08005b50   Section        0  imu_task.o(i.imu_task_creat)
    i.inHandlerMode                          0x08005b78   Section        0  cmsis_os.o(i.inHandlerMode)
    inHandlerMode                            0x08005b79   Thumb Code    12  cmsis_os.o(i.inHandlerMode)
    i.led_task                               0x08005b84   Section        0  led_task.o(i.led_task)
    i.led_task_creat                         0x08005ba8   Section        0  led_task.o(i.led_task_creat)
    i.main                                   0x08005bd0   Section        0  main.o(i.main)
    i.makeFreeRtosPriority                   0x08005bfa   Section        0  cmsis_os.o(i.makeFreeRtosPriority)
    makeFreeRtosPriority                     0x08005bfb   Thumb Code    12  cmsis_os.o(i.makeFreeRtosPriority)
    i.osDelay                                0x08005c06   Section        0  cmsis_os.o(i.osDelay)
    i.osDelayUntil                           0x08005c14   Section        0  cmsis_os.o(i.osDelayUntil)
    i.osKernelStart                          0x08005c18   Section        0  cmsis_os.o(i.osKernelStart)
    i.osKernelSysTick                        0x08005c22   Section        0  cmsis_os.o(i.osKernelSysTick)
    i.osThreadCreate                         0x08005c3a   Section        0  cmsis_os.o(i.osThreadCreate)
    i.prvAddCurrentTaskToDelayedList         0x08005c90   Section        0  tasks.o(i.prvAddCurrentTaskToDelayedList)
    prvAddCurrentTaskToDelayedList           0x08005c91   Thumb Code   102  tasks.o(i.prvAddCurrentTaskToDelayedList)
    i.prvAddNewTaskToReadyList               0x08005d00   Section        0  tasks.o(i.prvAddNewTaskToReadyList)
    prvAddNewTaskToReadyList                 0x08005d01   Thumb Code   194  tasks.o(i.prvAddNewTaskToReadyList)
    i.prvDeleteTCB                           0x08005dd0   Section        0  tasks.o(i.prvDeleteTCB)
    prvDeleteTCB                             0x08005dd1   Thumb Code    52  tasks.o(i.prvDeleteTCB)
    i.prvHeapInit                            0x08005e04   Section        0  heap_4.o(i.prvHeapInit)
    prvHeapInit                              0x08005e05   Thumb Code    66  heap_4.o(i.prvHeapInit)
    i.prvIdleTask                            0x08005e50   Section        0  tasks.o(i.prvIdleTask)
    prvIdleTask                              0x08005e51   Thumb Code    82  tasks.o(i.prvIdleTask)
    i.prvInitialiseNewTask                   0x08005eb0   Section        0  tasks.o(i.prvInitialiseNewTask)
    prvInitialiseNewTask                     0x08005eb1   Thumb Code   142  tasks.o(i.prvInitialiseNewTask)
    i.prvInsertBlockIntoFreeList             0x08005f40   Section        0  heap_4.o(i.prvInsertBlockIntoFreeList)
    prvInsertBlockIntoFreeList               0x08005f41   Thumb Code    72  heap_4.o(i.prvInsertBlockIntoFreeList)
    i.prvResetNextTaskUnblockTime            0x08005f8c   Section        0  tasks.o(i.prvResetNextTaskUnblockTime)
    prvResetNextTaskUnblockTime              0x08005f8d   Thumb Code    26  tasks.o(i.prvResetNextTaskUnblockTime)
    i.prvTaskExitError                       0x08005fac   Section        0  port.o(i.prvTaskExitError)
    prvTaskExitError                         0x08005fad   Thumb Code    36  port.o(i.prvTaskExitError)
    i.pvPortMalloc                           0x08005fd4   Section        0  heap_4.o(i.pvPortMalloc)
    i.pxPortInitialiseStack                  0x080060ac   Section        0  port.o(i.pxPortInitialiseStack)
    i.quat_normalization                     0x080060d8   Section        0  ahrs.o(i.quat_normalization)
    quat_normalization                       0x080060d9   Thumb Code   126  ahrs.o(i.quat_normalization)
    i.sqrtf                                  0x0800615c   Section        0  sqrtf_full.o(i.sqrtf)
    i.update_w                               0x0800619a   Section        0  ahrs.o(i.update_w)
    update_w                                 0x0800619b   Thumb Code   122  ahrs.o(i.update_w)
    i.uxListRemove                           0x08006214   Section        0  list.o(i.uxListRemove)
    i.vApplicationGetIdleTaskMemory          0x0800623c   Section        0  freertos.o(i.vApplicationGetIdleTaskMemory)
    i.vListInitialise                        0x08006250   Section        0  list.o(i.vListInitialise)
    i.vListInitialiseItem                    0x08006266   Section        0  list.o(i.vListInitialiseItem)
    i.vListInsert                            0x0800626c   Section        0  list.o(i.vListInsert)
    i.vListInsertEnd                         0x0800629c   Section        0  list.o(i.vListInsertEnd)
    i.vPortEnterCritical                     0x080062b4   Section        0  port.o(i.vPortEnterCritical)
    i.vPortExitCritical                      0x080062f4   Section        0  port.o(i.vPortExitCritical)
    i.vPortFree                              0x0800631c   Section        0  heap_4.o(i.vPortFree)
    i.vPortSetupTimerInterrupt               0x08006378   Section        0  port.o(i.vPortSetupTimerInterrupt)
    i.vPortValidateInterruptPriority         0x0800639c   Section        0  port.o(i.vPortValidateInterruptPriority)
    i.vTaskDelay                             0x080063f0   Section        0  tasks.o(i.vTaskDelay)
    i.vTaskStartScheduler                    0x0800643c   Section        0  tasks.o(i.vTaskStartScheduler)
    i.vTaskSuspendAll                        0x080064a8   Section        0  tasks.o(i.vTaskSuspendAll)
    i.vTaskSwitchContext                     0x080064b8   Section        0  tasks.o(i.vTaskSwitchContext)
    i.xPortStartScheduler                    0x08006514   Section        0  port.o(i.xPortStartScheduler)
    i.xPortSysTickHandler                    0x08006608   Section        0  port.o(i.xPortSysTickHandler)
    i.xTaskCreate                            0x08006634   Section        0  tasks.o(i.xTaskCreate)
    i.xTaskCreateStatic                      0x0800668e   Section        0  tasks.o(i.xTaskCreateStatic)
    i.xTaskGetSchedulerState                 0x080066e4   Section        0  tasks.o(i.xTaskGetSchedulerState)
    i.xTaskGetTickCount                      0x08006700   Section        0  tasks.o(i.xTaskGetTickCount)
    i.xTaskGetTickCountFromISR               0x0800670c   Section        0  tasks.o(i.xTaskGetTickCountFromISR)
    i.xTaskIncrementTick                     0x0800671c   Section        0  tasks.o(i.xTaskIncrementTick)
    i.xTaskResumeAll                         0x080067e4   Section        0  tasks.o(i.xTaskResumeAll)
    .constdata                               0x080068a8   Section       28  freertos.o(.constdata)
    .constdata                               0x080068c4   Section        8  stm32f4xx_hal_dma.o(.constdata)
    flagBitshiftOffset                       0x080068c4   Data           8  stm32f4xx_hal_dma.o(.constdata)
    .constdata                               0x080068cc   Section       16  system_stm32f4xx.o(.constdata)
    .constdata                               0x080068dc   Section        8  system_stm32f4xx.o(.constdata)
    .constdata                               0x080068e4   Section       28  imu_task.o(.constdata)
    .constdata                               0x08006900   Section       28  led_task.o(.constdata)
    .constdata                               0x0800691c   Section       18  bmi088driver.o(.constdata)
    write_BMI088_ACCEL_self_test_Reg_Data_Error 0x0800691c   Data          18  bmi088driver.o(.constdata)
    .constdata                               0x0800692e   Section        9  bsp_offset.o(.constdata)
    cali_flash_head                          0x0800692e   Data           9  bsp_offset.o(.constdata)
    .constdata                               0x08006938   Section       12  ahrs.o(.constdata)
    .constdata                               0x08006944   Section     2052  arm_common_tables.o(.constdata)
    .conststring                             0x08007148   Section       12  freertos.o(.conststring)
    .conststring                             0x08007154   Section        8  imu_task.o(.conststring)
    .conststring                             0x0800715c   Section        8  led_task.o(.conststring)
    .data                                    0x20000000   Section        4  freertos.o(.data)
    .data                                    0x20000004   Section       12  stm32f4xx_hal.o(.data)
    .data                                    0x20000010   Section        4  system_stm32f4xx.o(.data)
    .data                                    0x20000014   Section       60  tasks.o(.data)
    pxDelayedTaskList                        0x20000018   Data           4  tasks.o(.data)
    pxOverflowDelayedTaskList                0x2000001c   Data           4  tasks.o(.data)
    uxDeletedTasksWaitingCleanUp             0x20000020   Data           4  tasks.o(.data)
    uxCurrentNumberOfTasks                   0x20000024   Data           4  tasks.o(.data)
    xTickCount                               0x20000028   Data           4  tasks.o(.data)
    uxTopReadyPriority                       0x2000002c   Data           4  tasks.o(.data)
    xSchedulerRunning                        0x20000030   Data           4  tasks.o(.data)
    uxPendedTicks                            0x20000034   Data           4  tasks.o(.data)
    xYieldPending                            0x20000038   Data           4  tasks.o(.data)
    xNumOfOverflows                          0x2000003c   Data           4  tasks.o(.data)
    uxTaskNumber                             0x20000040   Data           4  tasks.o(.data)
    xNextTaskUnblockTime                     0x20000044   Data           4  tasks.o(.data)
    xIdleTaskHandle                          0x20000048   Data           4  tasks.o(.data)
    uxSchedulerSuspended                     0x2000004c   Data           4  tasks.o(.data)
    .data                                    0x20000050   Section       24  heap_4.o(.data)
    pxEnd                                    0x20000050   Data           4  heap_4.o(.data)
    xFreeBytesRemaining                      0x20000054   Data           4  heap_4.o(.data)
    xMinimumEverFreeBytesRemaining           0x20000058   Data           4  heap_4.o(.data)
    xBlockAllocatedBit                       0x2000005c   Data           4  heap_4.o(.data)
    xStart                                   0x20000060   Data           8  heap_4.o(.data)
    .data                                    0x20000068   Section       12  port.o(.data)
    ucMaxSysCallPriority                     0x20000068   Data           1  port.o(.data)
    uxCriticalNesting                        0x2000006c   Data           4  port.o(.data)
    ulMaxPRIGROUPValue                       0x20000070   Data           4  port.o(.data)
    .data                                    0x20000074   Section       16  bsp_flash.o(.data)
    uw_address                               0x20000074   Data           4  bsp_flash.o(.data)
    end_address                              0x20000078   Data           4  bsp_flash.o(.data)
    data_buf                                 0x2000007c   Data           4  bsp_flash.o(.data)
    data_len                                 0x20000080   Data           4  bsp_flash.o(.data)
    .data                                    0x20000084   Section        4  imu_task.o(.data)
    .data                                    0x20000088   Section        4  led_task.o(.data)
    .data                                    0x2000008c   Section       56  bmi088driver.o(.data)
    write_BMI088_ACCEL_Reg_Data_Error        0x200000a0   Data          18  bmi088driver.o(.data)
    write_BMI088_GYRO_Reg_Data_Error         0x200000b2   Data          18  bmi088driver.o(.data)
    .data                                    0x200000c4   Section      152  bsp_bmi088.o(.data)
    .data                                    0x2000015c   Section       32  bsp_offset.o(.data)
    count_time                               0x2000015c   Data           2  bsp_offset.o(.data)
    cali_sensor_size                         0x2000015e   Data           3  bsp_offset.o(.data)
    cali_sensor_buf                          0x20000164   Data          12  bsp_offset.o(.data)
    .data                                    0x2000017c   Section       16  ahrs.o(.data)
    local_hight                              0x2000017c   Data           4  ahrs.o(.data)
    latitude                                 0x20000180   Data           4  ahrs.o(.data)
    local_gravity                            0x20000184   Data           4  ahrs.o(.data)
    carrier_gravity                          0x20000188   Data           4  ahrs.o(.data)
    .data                                    0x2000018c   Section        4  errno.o(.data)
    _errno                                   0x2000018c   Data           4  errno.o(.data)
    .bss                                     0x20000190   Section       72  adc.o(.bss)
    .bss                                     0x200001d8   Section       40  can.o(.bss)
    .bss                                     0x20000200   Section      596  freertos.o(.bss)
    xIdleTaskTCBBuffer                       0x20000200   Data          84  freertos.o(.bss)
    xIdleStack                               0x20000254   Data         512  freertos.o(.bss)
    .bss                                     0x20000454   Section      280  spi.o(.bss)
    .bss                                     0x2000056c   Section       64  usart.o(.bss)
    .bss                                     0x200005ac   Section       32  stm32f4xx_hal_flash.o(.bss)
    .bss                                     0x200005cc   Section      240  tasks.o(.bss)
    pxReadyTasksLists                        0x200005cc   Data         140  tasks.o(.bss)
    xDelayedTaskList1                        0x20000658   Data          20  tasks.o(.bss)
    xDelayedTaskList2                        0x2000066c   Data          20  tasks.o(.bss)
    xPendingReadyList                        0x20000680   Data          20  tasks.o(.bss)
    xTasksWaitingTermination                 0x20000694   Data          20  tasks.o(.bss)
    xSuspendedTaskList                       0x200006a8   Data          20  tasks.o(.bss)
    .bss                                     0x200006bc   Section    15360  heap_4.o(.bss)
    ucHeap                                   0x200006bc   Data       15360  heap_4.o(.bss)
    .bss                                     0x200042bc   Section      256  bsp_bmi088.o(.bss)
    accel_fliter_1                           0x200042bc   Data          12  bsp_bmi088.o(.bss)
    accel_fliter_2                           0x200042c8   Data          12  bsp_bmi088.o(.bss)
    accel_fliter_3                           0x200042d4   Data          12  bsp_bmi088.o(.bss)
    IMU_gyro                                 0x200042e0   Data          12  bsp_bmi088.o(.bss)
    IMU_accel                                0x200042ec   Data          12  bsp_bmi088.o(.bss)
    IMU_mag                                  0x200042f8   Data          12  bsp_bmi088.o(.bss)
    IMU_quat                                 0x20004304   Data          16  bsp_bmi088.o(.bss)
    IMU_angle                                0x20004314   Data          12  bsp_bmi088.o(.bss)
    .bss                                     0x200043bc   Section      123  bsp_offset.o(.bss)
    flash_write_buf                          0x200043bc   Data          84  bsp_offset.o(.bss)
    .bss                                     0x20004438   Section       24  bsp_offset.o(.bss)
    gyro_cali                                0x20004438   Data          24  bsp_offset.o(.bss)
    .bss                                     0x20004450   Section       24  bsp_offset.o(.bss)
    accel_cali                               0x20004450   Data          24  bsp_offset.o(.bss)
    .bss                                     0x20004468   Section       24  bsp_offset.o(.bss)
    mag_cali                                 0x20004468   Data          24  bsp_offset.o(.bss)
    STACK                                    0x20004480   Section     1024  startup_stm32f405xx.o(STACK)

    Global Symbols

    Symbol Name                              Value     Ov Type        Size  Object(Section)

    BuildAttributes$$THM_ISAv4$E$P$D$K$B$S$7EM$VFPi3$EXTD16$VFPS$VFMA$PE$A:L22UL41UL21$X:L11$S22US41US21$IEEE1$IW$USESV6$~STKCKD$USESV7$~SHL$OTIME$ROPI$IEEEX$EBA8$MICROLIB$REQ8$PRES8$EABIv2 0x00000000   Number         0  anon$$obj.o ABSOLUTE
    __ARM_use_no_argv                        0x00000000   Number         0  main.o ABSOLUTE
    __cpp_initialize__aeabi_                  - Undefined Weak Reference
    __cxa_finalize                            - Undefined Weak Reference
    _clock_init                               - Undefined Weak Reference
    _microlib_exit                            - Undefined Weak Reference
    __Vectors_Size                           0x00000188   Number         0  startup_stm32f405xx.o ABSOLUTE
    __Vectors                                0x08000000   Data           4  startup_stm32f405xx.o(RESET)
    __Vectors_End                            0x08000188   Data           0  startup_stm32f405xx.o(RESET)
    __main                                   0x08000189   Thumb Code     0  entry.o(.ARM.Collect$$$$00000000)
    _main_stk                                0x08000189   Thumb Code     0  entry2.o(.ARM.Collect$$$$00000001)
    _main_scatterload                        0x0800018d   Thumb Code     0  entry5.o(.ARM.Collect$$$$00000004)
    __main_after_scatterload                 0x08000191   Thumb Code     0  entry5.o(.ARM.Collect$$$$00000004)
    _main_clock                              0x08000191   Thumb Code     0  entry7b.o(.ARM.Collect$$$$00000008)
    _main_cpp_init                           0x08000191   Thumb Code     0  entry8b.o(.ARM.Collect$$$$0000000A)
    _main_init                               0x08000191   Thumb Code     0  entry9a.o(.ARM.Collect$$$$0000000B)
    __rt_final_cpp                           0x08000199   Thumb Code     0  entry10a.o(.ARM.Collect$$$$0000000D)
    __rt_final_exit                          0x08000199   Thumb Code     0  entry11a.o(.ARM.Collect$$$$0000000F)
    SVC_Handler                              0x0800019d   Thumb Code    28  port.o(.emb_text)
    __asm___6_port_c_39a90d8d__prvStartFirstTask 0x080001bd   Thumb Code    36  port.o(.emb_text)
    __asm___6_port_c_39a90d8d__prvEnableVFP  0x080001e5   Thumb Code    16  port.o(.emb_text)
    PendSV_Handler                           0x080001f9   Thumb Code    88  port.o(.emb_text)
    vPortGetIPSR                             0x08000255   Thumb Code     6  port.o(.emb_text)
    Reset_Handler                            0x0800025d   Thumb Code     8  startup_stm32f405xx.o(.text)
    ADC_IRQHandler                           0x08000277   Thumb Code     0  startup_stm32f405xx.o(.text)
    CAN1_RX0_IRQHandler                      0x08000277   Thumb Code     0  startup_stm32f405xx.o(.text)
    CAN1_RX1_IRQHandler                      0x08000277   Thumb Code     0  startup_stm32f405xx.o(.text)
    CAN1_SCE_IRQHandler                      0x08000277   Thumb Code     0  startup_stm32f405xx.o(.text)
    CAN1_TX_IRQHandler                       0x08000277   Thumb Code     0  startup_stm32f405xx.o(.text)
    CAN2_RX0_IRQHandler                      0x08000277   Thumb Code     0  startup_stm32f405xx.o(.text)
    CAN2_RX1_IRQHandler                      0x08000277   Thumb Code     0  startup_stm32f405xx.o(.text)
    CAN2_SCE_IRQHandler                      0x08000277   Thumb Code     0  startup_stm32f405xx.o(.text)
    CAN2_TX_IRQHandler                       0x08000277   Thumb Code     0  startup_stm32f405xx.o(.text)
    DMA1_Stream0_IRQHandler                  0x08000277   Thumb Code     0  startup_stm32f405xx.o(.text)
    DMA1_Stream1_IRQHandler                  0x08000277   Thumb Code     0  startup_stm32f405xx.o(.text)
    DMA1_Stream2_IRQHandler                  0x08000277   Thumb Code     0  startup_stm32f405xx.o(.text)
    DMA1_Stream3_IRQHandler                  0x08000277   Thumb Code     0  startup_stm32f405xx.o(.text)
    DMA1_Stream4_IRQHandler                  0x08000277   Thumb Code     0  startup_stm32f405xx.o(.text)
    DMA1_Stream5_IRQHandler                  0x08000277   Thumb Code     0  startup_stm32f405xx.o(.text)
    DMA1_Stream6_IRQHandler                  0x08000277   Thumb Code     0  startup_stm32f405xx.o(.text)
    DMA1_Stream7_IRQHandler                  0x08000277   Thumb Code     0  startup_stm32f405xx.o(.text)
    DMA2_Stream0_IRQHandler                  0x08000277   Thumb Code     0  startup_stm32f405xx.o(.text)
    DMA2_Stream1_IRQHandler                  0x08000277   Thumb Code     0  startup_stm32f405xx.o(.text)
    DMA2_Stream4_IRQHandler                  0x08000277   Thumb Code     0  startup_stm32f405xx.o(.text)
    DMA2_Stream5_IRQHandler                  0x08000277   Thumb Code     0  startup_stm32f405xx.o(.text)
    DMA2_Stream6_IRQHandler                  0x08000277   Thumb Code     0  startup_stm32f405xx.o(.text)
    DMA2_Stream7_IRQHandler                  0x08000277   Thumb Code     0  startup_stm32f405xx.o(.text)
    EXTI15_10_IRQHandler                     0x08000277   Thumb Code     0  startup_stm32f405xx.o(.text)
    EXTI2_IRQHandler                         0x08000277   Thumb Code     0  startup_stm32f405xx.o(.text)
    EXTI3_IRQHandler                         0x08000277   Thumb Code     0  startup_stm32f405xx.o(.text)
    EXTI4_IRQHandler                         0x08000277   Thumb Code     0  startup_stm32f405xx.o(.text)
    EXTI9_5_IRQHandler                       0x08000277   Thumb Code     0  startup_stm32f405xx.o(.text)
    FLASH_IRQHandler                         0x08000277   Thumb Code     0  startup_stm32f405xx.o(.text)
    FMC_IRQHandler                           0x08000277   Thumb Code     0  startup_stm32f405xx.o(.text)
    FPU_IRQHandler                           0x08000277   Thumb Code     0  startup_stm32f405xx.o(.text)
    HASH_RNG_IRQHandler                      0x08000277   Thumb Code     0  startup_stm32f405xx.o(.text)
    I2C1_ER_IRQHandler                       0x08000277   Thumb Code     0  startup_stm32f405xx.o(.text)
    I2C1_EV_IRQHandler                       0x08000277   Thumb Code     0  startup_stm32f405xx.o(.text)
    I2C2_ER_IRQHandler                       0x08000277   Thumb Code     0  startup_stm32f405xx.o(.text)
    I2C2_EV_IRQHandler                       0x08000277   Thumb Code     0  startup_stm32f405xx.o(.text)
    I2C3_ER_IRQHandler                       0x08000277   Thumb Code     0  startup_stm32f405xx.o(.text)
    I2C3_EV_IRQHandler                       0x08000277   Thumb Code     0  startup_stm32f405xx.o(.text)
    OTG_FS_IRQHandler                        0x08000277   Thumb Code     0  startup_stm32f405xx.o(.text)
    OTG_FS_WKUP_IRQHandler                   0x08000277   Thumb Code     0  startup_stm32f405xx.o(.text)
    OTG_HS_EP1_IN_IRQHandler                 0x08000277   Thumb Code     0  startup_stm32f405xx.o(.text)
    OTG_HS_EP1_OUT_IRQHandler                0x08000277   Thumb Code     0  startup_stm32f405xx.o(.text)
    OTG_HS_IRQHandler                        0x08000277   Thumb Code     0  startup_stm32f405xx.o(.text)
    OTG_HS_WKUP_IRQHandler                   0x08000277   Thumb Code     0  startup_stm32f405xx.o(.text)
    PVD_IRQHandler                           0x08000277   Thumb Code     0  startup_stm32f405xx.o(.text)
    RCC_IRQHandler                           0x08000277   Thumb Code     0  startup_stm32f405xx.o(.text)
    RTC_Alarm_IRQHandler                     0x08000277   Thumb Code     0  startup_stm32f405xx.o(.text)
    RTC_WKUP_IRQHandler                      0x08000277   Thumb Code     0  startup_stm32f405xx.o(.text)
    SDIO_IRQHandler                          0x08000277   Thumb Code     0  startup_stm32f405xx.o(.text)
    SPI1_IRQHandler                          0x08000277   Thumb Code     0  startup_stm32f405xx.o(.text)
    SPI2_IRQHandler                          0x08000277   Thumb Code     0  startup_stm32f405xx.o(.text)
    SPI3_IRQHandler                          0x08000277   Thumb Code     0  startup_stm32f405xx.o(.text)
    TAMP_STAMP_IRQHandler                    0x08000277   Thumb Code     0  startup_stm32f405xx.o(.text)
    TIM1_BRK_TIM9_IRQHandler                 0x08000277   Thumb Code     0  startup_stm32f405xx.o(.text)
    TIM1_CC_IRQHandler                       0x08000277   Thumb Code     0  startup_stm32f405xx.o(.text)
    TIM1_TRG_COM_TIM11_IRQHandler            0x08000277   Thumb Code     0  startup_stm32f405xx.o(.text)
    TIM1_UP_TIM10_IRQHandler                 0x08000277   Thumb Code     0  startup_stm32f405xx.o(.text)
    TIM2_IRQHandler                          0x08000277   Thumb Code     0  startup_stm32f405xx.o(.text)
    TIM3_IRQHandler                          0x08000277   Thumb Code     0  startup_stm32f405xx.o(.text)
    TIM4_IRQHandler                          0x08000277   Thumb Code     0  startup_stm32f405xx.o(.text)
    TIM5_IRQHandler                          0x08000277   Thumb Code     0  startup_stm32f405xx.o(.text)
    TIM6_DAC_IRQHandler                      0x08000277   Thumb Code     0  startup_stm32f405xx.o(.text)
    TIM7_IRQHandler                          0x08000277   Thumb Code     0  startup_stm32f405xx.o(.text)
    TIM8_BRK_TIM12_IRQHandler                0x08000277   Thumb Code     0  startup_stm32f405xx.o(.text)
    TIM8_CC_IRQHandler                       0x08000277   Thumb Code     0  startup_stm32f405xx.o(.text)
    TIM8_TRG_COM_TIM14_IRQHandler            0x08000277   Thumb Code     0  startup_stm32f405xx.o(.text)
    TIM8_UP_TIM13_IRQHandler                 0x08000277   Thumb Code     0  startup_stm32f405xx.o(.text)
    UART4_IRQHandler                         0x08000277   Thumb Code     0  startup_stm32f405xx.o(.text)
    UART5_IRQHandler                         0x08000277   Thumb Code     0  startup_stm32f405xx.o(.text)
    USART2_IRQHandler                        0x08000277   Thumb Code     0  startup_stm32f405xx.o(.text)
    USART3_IRQHandler                        0x08000277   Thumb Code     0  startup_stm32f405xx.o(.text)
    USART6_IRQHandler                        0x08000277   Thumb Code     0  startup_stm32f405xx.o(.text)
    WWDG_IRQHandler                          0x08000277   Thumb Code     0  startup_stm32f405xx.o(.text)
    arm_cos_f32                              0x08000281   Thumb Code   108  arm_cos_f32.o(.text)
    arm_sin_f32                              0x080002f9   Thumb Code   104  arm_sin_f32.o(.text)
    __aeabi_uldivmod                         0x0800036d   Thumb Code    98  uldiv.o(.text)
    __aeabi_memcpy                           0x080003cf   Thumb Code    36  memcpya.o(.text)
    __aeabi_memcpy4                          0x080003cf   Thumb Code     0  memcpya.o(.text)
    __aeabi_memcpy8                          0x080003cf   Thumb Code     0  memcpya.o(.text)
    __aeabi_memset                           0x080003f3   Thumb Code    14  memseta.o(.text)
    __aeabi_memset4                          0x080003f3   Thumb Code     0  memseta.o(.text)
    __aeabi_memset8                          0x080003f3   Thumb Code     0  memseta.o(.text)
    __aeabi_memclr                           0x08000401   Thumb Code     4  memseta.o(.text)
    __aeabi_memclr4                          0x08000401   Thumb Code     0  memseta.o(.text)
    __aeabi_memclr8                          0x08000401   Thumb Code     0  memseta.o(.text)
    memset                                   0x08000405   Thumb Code    18  memseta.o(.text)
    __aeabi_llsl                             0x08000417   Thumb Code    30  llshl.o(.text)
    _ll_shift_l                              0x08000417   Thumb Code     0  llshl.o(.text)
    __aeabi_llsr                             0x08000435   Thumb Code    32  llushr.o(.text)
    _ll_ushift_r                             0x08000435   Thumb Code     0  llushr.o(.text)
    __I$use$fp                               0x08000455   Thumb Code     0  iusefp.o(.text)
    __scatterload                            0x08000455   Thumb Code    28  init.o(.text)
    __scatterload_rt2                        0x08000455   Thumb Code     0  init.o(.text)
    __decompress                             0x08000479   Thumb Code     0  __dczerorl2.o(.text)
    __decompress1                            0x08000479   Thumb Code    86  __dczerorl2.o(.text)
    AHRS_asinf                               0x080005f9   Thumb Code     4  ahrs_middleware.o(i.AHRS_asinf)
    AHRS_atan2f                              0x080005fd   Thumb Code     4  ahrs_middleware.o(i.AHRS_atan2f)
    AHRS_cosf                                0x08000601   Thumb Code     4  ahrs_middleware.o(i.AHRS_cosf)
    AHRS_get_height                          0x08000621   Thumb Code    14  ahrs_middleware.o(i.AHRS_get_height)
    AHRS_get_latitude                        0x08000635   Thumb Code    14  ahrs_middleware.o(i.AHRS_get_latitude)
    AHRS_init                                0x08000645   Thumb Code   626  ahrs.o(i.AHRS_init)
    AHRS_invSqrt                             0x080008e1   Thumb Code    20  ahrs_middleware.o(i.AHRS_invSqrt)
    AHRS_sinf                                0x080008f5   Thumb Code     4  ahrs_middleware.o(i.AHRS_sinf)
    AHRS_update                              0x080008f9   Thumb Code   314  ahrs.o(i.AHRS_update)
    BMI088_ACCEL_NS_H                        0x08000a35   Thumb Code    10  bmi088middleware.o(i.BMI088_ACCEL_NS_H)
    BMI088_ACCEL_NS_L                        0x08000a45   Thumb Code    10  bmi088middleware.o(i.BMI088_ACCEL_NS_L)
    BMI088_Com_Init                          0x08000a55   Thumb Code     2  bmi088middleware.o(i.BMI088_Com_Init)
    BMI088_Delay_ms                          0x08000a57   Thumb Code     4  bmi088middleware.o(i.BMI088_Delay_ms)
    BMI088_Delay_us                          0x08000a5b   Thumb Code    46  bmi088middleware.o(i.BMI088_Delay_us)
    BMI088_Drive_Init                        0x08000a89   Thumb Code   158  bsp_bmi088.o(i.BMI088_Drive_Init)
    BMI088_GPIO_Init                         0x08000b35   Thumb Code     2  bmi088middleware.o(i.BMI088_GPIO_Init)
    BMI088_GYRO_NS_H                         0x08000b39   Thumb Code    10  bmi088middleware.o(i.BMI088_GYRO_NS_H)
    BMI088_GYRO_NS_L                         0x08000b49   Thumb Code    10  bmi088middleware.o(i.BMI088_GYRO_NS_L)
    BMI088_Init                              0x08000b59   Thumb Code    46  bmi088driver.o(i.BMI088_Init)
    BMI088_Read                              0x08000b89   Thumb Code   352  bmi088driver.o(i.BMI088_Read)
    BMI088_Read_Write_Byte                   0x08000d29   Thumb Code    28  bmi088middleware.o(i.BMI088_Read_Write_Byte)
    BMI088_Read_update                       0x08000d49   Thumb Code   370  bsp_bmi088.o(i.BMI088_Read_update)
    BMI088_accel_read_over                   0x08000eed   Thumb Code   120  bmi088driver.o(i.BMI088_accel_read_over)
    BMI088_gyro_read_over                    0x08000f6d   Thumb Code    92  bmi088driver.o(i.BMI088_gyro_read_over)
    BMI088_temperature_read_over             0x08000fcd   Thumb Code    46  bmi088driver.o(i.BMI088_temperature_read_over)
    BusFault_Handler                         0x08000ffb   Thumb Code     2  stm32f4xx_it.o(i.BusFault_Handler)
    DMA2_Stream2_IRQHandler                  0x08000ffd   Thumb Code   662  bsp_bmi088.o(i.DMA2_Stream2_IRQHandler)
    DMA2_Stream3_IRQHandler                  0x080012ad   Thumb Code     6  stm32f4xx_it.o(i.DMA2_Stream3_IRQHandler)
    DebugMon_Handler                         0x08001335   Thumb Code     2  stm32f4xx_it.o(i.DebugMon_Handler)
    EXTI0_IRQHandler                         0x08001337   Thumb Code     6  stm32f4xx_it.o(i.EXTI0_IRQHandler)
    EXTI1_IRQHandler                         0x0800133d   Thumb Code     6  stm32f4xx_it.o(i.EXTI1_IRQHandler)
    Error_Handler                            0x08001343   Thumb Code     2  main.o(i.Error_Handler)
    FLASH_Erase_Sector                       0x08001345   Thumb Code    74  stm32f4xx_hal_flash_ex.o(i.FLASH_Erase_Sector)
    FLASH_FlushCaches                        0x08001395   Thumb Code    80  stm32f4xx_hal_flash_ex.o(i.FLASH_FlushCaches)
    FLASH_WaitForLastOperation               0x0800150d   Thumb Code    72  stm32f4xx_hal_flash.o(i.FLASH_WaitForLastOperation)
    HAL_ADC_ConfigChannel                    0x0800155d   Thumb Code   316  stm32f4xx_hal_adc.o(i.HAL_ADC_ConfigChannel)
    HAL_ADC_Init                             0x080016a9   Thumb Code    84  stm32f4xx_hal_adc.o(i.HAL_ADC_Init)
    HAL_ADC_MspInit                          0x080016fd   Thumb Code    30  adc.o(i.HAL_ADC_MspInit)
    HAL_CAN_Init                             0x08001725   Thumb Code   282  stm32f4xx_hal_can.o(i.HAL_CAN_Init)
    HAL_CAN_MspInit                          0x08001841   Thumb Code    94  can.o(i.HAL_CAN_MspInit)
    HAL_DMA_Abort_IT                         0x080018ad   Thumb Code    36  stm32f4xx_hal_dma.o(i.HAL_DMA_Abort_IT)
    HAL_DMA_IRQHandler                       0x080018d1   Thumb Code   412  stm32f4xx_hal_dma.o(i.HAL_DMA_IRQHandler)
    HAL_DMA_Init                             0x08001a71   Thumb Code   206  stm32f4xx_hal_dma.o(i.HAL_DMA_Init)
    HAL_FLASHEx_Erase                        0x08001b45   Thumb Code   144  stm32f4xx_hal_flash_ex.o(i.HAL_FLASHEx_Erase)
    HAL_FLASH_Lock                           0x08001bdd   Thumb Code    14  stm32f4xx_hal_flash.o(i.HAL_FLASH_Lock)
    HAL_FLASH_Program                        0x08001bf1   Thumb Code   116  stm32f4xx_hal_flash.o(i.HAL_FLASH_Program)
    HAL_FLASH_Unlock                         0x08001c6d   Thumb Code    32  stm32f4xx_hal_flash.o(i.HAL_FLASH_Unlock)
    HAL_GPIO_EXTI_Callback                   0x08001c99   Thumb Code    48  bsp_bmi088.o(i.HAL_GPIO_EXTI_Callback)
    HAL_GPIO_EXTI_IRQHandler                 0x08001ccd   Thumb Code    18  stm32f4xx_hal_gpio.o(i.HAL_GPIO_EXTI_IRQHandler)
    HAL_GPIO_Init                            0x08001ce5   Thumb Code   394  stm32f4xx_hal_gpio.o(i.HAL_GPIO_Init)
    HAL_GPIO_TogglePin                       0x08001e9d   Thumb Code    14  stm32f4xx_hal_gpio.o(i.HAL_GPIO_TogglePin)
    HAL_GPIO_WritePin                        0x08001eab   Thumb Code    10  stm32f4xx_hal_gpio.o(i.HAL_GPIO_WritePin)
    HAL_GetTick                              0x08001eb5   Thumb Code     6  stm32f4xx_hal.o(i.HAL_GetTick)
    HAL_IncTick                              0x08001ec1   Thumb Code    12  stm32f4xx_hal.o(i.HAL_IncTick)
    HAL_Init                                 0x08001ed1   Thumb Code    48  stm32f4xx_hal.o(i.HAL_Init)
    HAL_InitTick                             0x08001f05   Thumb Code    54  stm32f4xx_hal.o(i.HAL_InitTick)
    HAL_MspInit                              0x08001f45   Thumb Code    52  stm32f4xx_hal_msp.o(i.HAL_MspInit)
    HAL_NVIC_EnableIRQ                       0x08001f7d   Thumb Code    26  stm32f4xx_hal_cortex.o(i.HAL_NVIC_EnableIRQ)
    HAL_NVIC_SetPriority                     0x08001f99   Thumb Code    60  stm32f4xx_hal_cortex.o(i.HAL_NVIC_SetPriority)
    HAL_NVIC_SetPriorityGrouping             0x08001fd9   Thumb Code    26  stm32f4xx_hal_cortex.o(i.HAL_NVIC_SetPriorityGrouping)
    HAL_RCC_ClockConfig                      0x08001ffd   Thumb Code   288  stm32f4xx_hal_rcc.o(i.HAL_RCC_ClockConfig)
    HAL_RCC_GetPCLK1Freq                     0x08002131   Thumb Code    20  stm32f4xx_hal_rcc.o(i.HAL_RCC_GetPCLK1Freq)
    HAL_RCC_GetPCLK2Freq                     0x08002151   Thumb Code    20  stm32f4xx_hal_rcc.o(i.HAL_RCC_GetPCLK2Freq)
    HAL_RCC_GetSysClockFreq                  0x08002171   Thumb Code    88  stm32f4xx_hal_rcc.o(i.HAL_RCC_GetSysClockFreq)
    HAL_RCC_OscConfig                        0x080021d5   Thumb Code   834  stm32f4xx_hal_rcc.o(i.HAL_RCC_OscConfig)
    HAL_SPI_Init                             0x08002531   Thumb Code   128  stm32f4xx_hal_spi.o(i.HAL_SPI_Init)
    HAL_SPI_MspInit                          0x080025b1   Thumb Code   196  spi.o(i.HAL_SPI_MspInit)
    HAL_SPI_TransmitReceive                  0x08002689   Thumb Code   482  stm32f4xx_hal_spi.o(i.HAL_SPI_TransmitReceive)
    HAL_SYSTICK_Config                       0x0800286b   Thumb Code    40  stm32f4xx_hal_cortex.o(i.HAL_SYSTICK_Config)
    HAL_UART_ErrorCallback                   0x08002893   Thumb Code     2  stm32f4xx_hal_uart.o(i.HAL_UART_ErrorCallback)
    HAL_UART_IRQHandler                      0x08002895   Thumb Code   270  stm32f4xx_hal_uart.o(i.HAL_UART_IRQHandler)
    HAL_UART_Init                            0x080029a9   Thumb Code    98  stm32f4xx_hal_uart.o(i.HAL_UART_Init)
    HAL_UART_MspInit                         0x08002a0d   Thumb Code   110  usart.o(i.HAL_UART_MspInit)
    HAL_UART_RxCpltCallback                  0x08002a89   Thumb Code     2  stm32f4xx_hal_uart.o(i.HAL_UART_RxCpltCallback)
    HAL_UART_TxCpltCallback                  0x08002a8b   Thumb Code     2  stm32f4xx_hal_uart.o(i.HAL_UART_TxCpltCallback)
    HardFault_Handler                        0x08002a8d   Thumb Code     2  stm32f4xx_it.o(i.HardFault_Handler)
    MX_ADC1_Init                             0x08002a91   Thumb Code    88  adc.o(i.MX_ADC1_Init)
    MX_CAN1_Init                             0x08002af5   Thumb Code    60  can.o(i.MX_CAN1_Init)
    MX_DMA_Init                              0x08002b39   Thumb Code    56  dma.o(i.MX_DMA_Init)
    MX_FREERTOS_Init                         0x08002b75   Thumb Code    38  freertos.o(i.MX_FREERTOS_Init)
    MX_GPIO_Init                             0x08002ba5   Thumb Code   200  gpio.o(i.MX_GPIO_Init)
    MX_SPI1_Init                             0x08002c81   Thumb Code    64  spi.o(i.MX_SPI1_Init)
    MX_USART1_UART_Init                      0x08002cc9   Thumb Code    48  usart.o(i.MX_USART1_UART_Init)
    MemManage_Handler                        0x08002d01   Thumb Code     2  stm32f4xx_it.o(i.MemManage_Handler)
    NMI_Handler                              0x08002d03   Thumb Code     2  stm32f4xx_it.o(i.NMI_Handler)
    SPI1_DMA_enable                          0x08002d05   Thumb Code  4706  bsp_spi.o(i.SPI1_DMA_enable)
    SPI1_DMA_init                            0x08003f79   Thumb Code   216  bsp_spi.o(i.SPI1_DMA_init)
    StartDefaultTask                         0x08004155   Thumb Code     8  freertos.o(i.StartDefaultTask)
    SysTick_Handler                          0x0800415d   Thumb Code    24  stm32f4xx_it.o(i.SysTick_Handler)
    SystemClock_Config                       0x08004175   Thumb Code   126  main.o(i.SystemClock_Config)
    SystemInit                               0x080041fd   Thumb Code    22  system_stm32f4xx.o(i.SystemInit)
    USART1_IRQHandler                        0x08004469   Thumb Code     6  stm32f4xx_it.o(i.USART1_IRQHandler)
    UsageFault_Handler                       0x08004475   Thumb Code     2  stm32f4xx_it.o(i.UsageFault_Handler)
    __ARM_fpclassifyf                        0x08004477   Thumb Code    38  fpclassifyf.o(i.__ARM_fpclassifyf)
    __hardfp_asinf                           0x080044bd   Thumb Code   258  asinf.o(i.__hardfp_asinf)
    __hardfp_atan2f                          0x080045e9   Thumb Code   502  atan2f.o(i.__hardfp_atan2f)
    __hardfp_sqrtf                           0x08004839   Thumb Code    58  sqrtf_full.o(i.__hardfp_sqrtf)
    __mathlib_flt_infnan                     0x08004873   Thumb Code     6  funder.o(i.__mathlib_flt_infnan)
    __mathlib_flt_infnan2                    0x08004879   Thumb Code     6  funder.o(i.__mathlib_flt_infnan2)
    __mathlib_flt_invalid                    0x08004881   Thumb Code    10  funder.o(i.__mathlib_flt_invalid)
    __mathlib_flt_underflow                  0x08004891   Thumb Code    10  funder.o(i.__mathlib_flt_underflow)
    __scatterload_copy                       0x080048a1   Thumb Code    14  handlers.o(i.__scatterload_copy)
    __scatterload_null                       0x080048af   Thumb Code     2  handlers.o(i.__scatterload_null)
    __scatterload_zeroinit                   0x080048b1   Thumb Code    14  handlers.o(i.__scatterload_zeroinit)
    __set_errno                              0x080048c1   Thumb Code     6  errno.o(i.__set_errno)
    bmi088_accel_init                        0x08004d95   Thumb Code   266  bmi088driver.o(i.bmi088_accel_init)
    bmi088_accel_self_test                   0x08004ea5   Thumb Code   654  bmi088driver.o(i.bmi088_accel_self_test)
    bmi088_gyro_init                         0x08005139   Thumb Code   214  bmi088driver.o(i.bmi088_gyro_init)
    bmi088_gyro_self_test                    0x08005215   Thumb Code   202  bmi088driver.o(i.bmi088_gyro_self_test)
    cali_param_init                          0x0800541d   Thumb Code   110  bsp_offset.o(i.cali_param_init)
    calibrate_imu                            0x08005495   Thumb Code    90  bsp_offset.o(i.calibrate_imu)
    flash_erase_address                      0x080054fd   Thumb Code    42  bsp_flash.o(i.flash_erase_address)
    flash_read                               0x08005527   Thumb Code    12  bsp_flash.o(i.flash_read)
    flash_write_single_address               0x08005535   Thumb Code    98  bsp_flash.o(i.flash_write_single_address)
    get_angle                                0x08005661   Thumb Code   232  ahrs.o(i.get_angle)
    get_next_flash_address                   0x08005749   Thumb Code   168  bsp_flash.o(i.get_next_flash_address)
    gyro_offset_calc                         0x0800581d   Thumb Code    60  bsp_bmi088.o(i.gyro_offset_calc)
    imu_cali_gyro                            0x0800585d   Thumb Code    92  bsp_bmi088.o(i.imu_cali_gyro)
    imu_continuous_processing                0x08005a9d   Thumb Code    70  bsp_bmi088.o(i.imu_continuous_processing)
    imu_set_cali_gyro                        0x08005aed   Thumb Code    34  bsp_bmi088.o(i.imu_set_cali_gyro)
    imu_task                                 0x08005b15   Thumb Code    58  imu_task.o(i.imu_task)
    imu_task_creat                           0x08005b51   Thumb Code    30  imu_task.o(i.imu_task_creat)
    led_task                                 0x08005b85   Thumb Code    30  led_task.o(i.led_task)
    led_task_creat                           0x08005ba9   Thumb Code    30  led_task.o(i.led_task_creat)
    main                                     0x08005bd1   Thumb Code    42  main.o(i.main)
    osDelay                                  0x08005c07   Thumb Code    14  cmsis_os.o(i.osDelay)
    osDelayUntil                             0x08005c15   Thumb Code     4  cmsis_os.o(i.osDelayUntil)
    osKernelStart                            0x08005c19   Thumb Code    10  cmsis_os.o(i.osKernelStart)
    osKernelSysTick                          0x08005c23   Thumb Code    24  cmsis_os.o(i.osKernelSysTick)
    osThreadCreate                           0x08005c3b   Thumb Code    84  cmsis_os.o(i.osThreadCreate)
    pvPortMalloc                             0x08005fd5   Thumb Code   210  heap_4.o(i.pvPortMalloc)
    pxPortInitialiseStack                    0x080060ad   Thumb Code    40  port.o(i.pxPortInitialiseStack)
    sqrtf                                    0x0800615d   Thumb Code    62  sqrtf_full.o(i.sqrtf)
    uxListRemove                             0x08006215   Thumb Code    38  list.o(i.uxListRemove)
    vApplicationGetIdleTaskMemory            0x0800623d   Thumb Code    16  freertos.o(i.vApplicationGetIdleTaskMemory)
    vListInitialise                          0x08006251   Thumb Code    22  list.o(i.vListInitialise)
    vListInitialiseItem                      0x08006267   Thumb Code     6  list.o(i.vListInitialiseItem)
    vListInsert                              0x0800626d   Thumb Code    48  list.o(i.vListInsert)
    vListInsertEnd                           0x0800629d   Thumb Code    24  list.o(i.vListInsertEnd)
    vPortEnterCritical                       0x080062b5   Thumb Code    54  port.o(i.vPortEnterCritical)
    vPortExitCritical                        0x080062f5   Thumb Code    34  port.o(i.vPortExitCritical)
    vPortFree                                0x0800631d   Thumb Code    88  heap_4.o(i.vPortFree)
    vPortSetupTimerInterrupt                 0x08006379   Thumb Code    32  port.o(i.vPortSetupTimerInterrupt)
    vPortValidateInterruptPriority           0x0800639d   Thumb Code    74  port.o(i.vPortValidateInterruptPriority)
    vTaskDelay                               0x080063f1   Thumb Code    66  tasks.o(i.vTaskDelay)
    vTaskStartScheduler                      0x0800643d   Thumb Code    90  tasks.o(i.vTaskStartScheduler)
    vTaskSuspendAll                          0x080064a9   Thumb Code    10  tasks.o(i.vTaskSuspendAll)
    vTaskSwitchContext                       0x080064b9   Thumb Code    82  tasks.o(i.vTaskSwitchContext)
    xPortStartScheduler                      0x08006515   Thumb Code   222  port.o(i.xPortStartScheduler)
    xPortSysTickHandler                      0x08006609   Thumb Code    38  port.o(i.xPortSysTickHandler)
    xTaskCreate                              0x08006635   Thumb Code    90  tasks.o(i.xTaskCreate)
    xTaskCreateStatic                        0x0800668f   Thumb Code    86  tasks.o(i.xTaskCreateStatic)
    xTaskGetSchedulerState                   0x080066e5   Thumb Code    22  tasks.o(i.xTaskGetSchedulerState)
    xTaskGetTickCount                        0x08006701   Thumb Code     6  tasks.o(i.xTaskGetTickCount)
    xTaskGetTickCountFromISR                 0x0800670d   Thumb Code    12  tasks.o(i.xTaskGetTickCountFromISR)
    xTaskIncrementTick                       0x0800671d   Thumb Code   192  tasks.o(i.xTaskIncrementTick)
    xTaskResumeAll                           0x080067e5   Thumb Code   182  tasks.o(i.xTaskResumeAll)
    AHBPrescTable                            0x080068cc   Data          16  system_stm32f4xx.o(.constdata)
    APBPrescTable                            0x080068dc   Data           8  system_stm32f4xx.o(.constdata)
    sinTable_f32                             0x08006944   Data        2052  arm_common_tables.o(.constdata)
    Region$$Table$$Base                      0x08007164   Number         0  anon$$obj.o(Region$$Table)
    Region$$Table$$Limit                     0x08007184   Number         0  anon$$obj.o(Region$$Table)
    defaultTaskHandle                        0x20000000   Data           4  freertos.o(.data)
    uwTickFreq                               0x20000004   Data           1  stm32f4xx_hal.o(.data)
    uwTickPrio                               0x20000008   Data           4  stm32f4xx_hal.o(.data)
    uwTick                                   0x2000000c   Data           4  stm32f4xx_hal.o(.data)
    SystemCoreClock                          0x20000010   Data           4  system_stm32f4xx.o(.data)
    pxCurrentTCB                             0x20000014   Data           4  tasks.o(.data)
    imuTaskHandle                            0x20000084   Data           4  imu_task.o(.data)
    ledTaskHandle                            0x20000088   Data           4  led_task.o(.data)
    gyro_x                                   0x2000008c   Data           2  bmi088driver.o(.data)
    gyro_y                                   0x2000008e   Data           2  bmi088driver.o(.data)
    gyro_z                                   0x20000090   Data           2  bmi088driver.o(.data)
    accel_x                                  0x20000092   Data           2  bmi088driver.o(.data)
    accel_y                                  0x20000094   Data           2  bmi088driver.o(.data)
    accel_z                                  0x20000096   Data           2  bmi088driver.o(.data)
    BMI088_ACCEL_SEN                         0x20000098   Data           4  bmi088driver.o(.data)
    BMI088_GYRO_SEN                          0x2000009c   Data           4  bmi088driver.o(.data)
    gyro_update_flag                         0x200000c4   Data           1  bsp_bmi088.o(.data)
    accel_update_flag                        0x200000c5   Data           1  bsp_bmi088.o(.data)
    accel_temp_update_flag                   0x200000c6   Data           1  bsp_bmi088.o(.data)
    imu_start_dma_flag                       0x200000c7   Data           1  bsp_bmi088.o(.data)
    accel_temp_dma_tx_buf                    0x200000c8   Data           4  bsp_bmi088.o(.data)
    accel_temp_dma_rx_buf                    0x200000cc   Data           4  bsp_bmi088.o(.data)
    imu_cali                                 0x200000d0   Data           6  bsp_bmi088.o(.data)
    gyro_dma_tx_buf                          0x200000d6   Data           8  bsp_bmi088.o(.data)
    gyro_dma_rx_buf                          0x200000de   Data           8  bsp_bmi088.o(.data)
    accel_dma_tx_buf                         0x200000e6   Data           9  bsp_bmi088.o(.data)
    gyro_scale_factor                        0x200000f0   Data          36  bsp_bmi088.o(.data)
    accel_scale_factor                       0x20000114   Data          36  bsp_bmi088.o(.data)
    mag_scale_factor                         0x20000138   Data          36  bsp_bmi088.o(.data)
    cali_hook_fun                            0x20000170   Data          12  bsp_offset.o(.data)
    hadc1                                    0x20000190   Data          72  adc.o(.bss)
    hcan1                                    0x200001d8   Data          40  can.o(.bss)
    hspi1                                    0x20000454   Data          88  spi.o(.bss)
    hdma_spi1_rx                             0x200004ac   Data          96  spi.o(.bss)
    hdma_spi1_tx                             0x2000050c   Data          96  spi.o(.bss)
    huart1                                   0x2000056c   Data          64  usart.o(.bss)
    pFlash                                   0x200005ac   Data          32  stm32f4xx_hal_flash.o(.bss)
    accel_dma_rx_buf                         0x20004320   Data           9  bsp_bmi088.o(.bss)
    bmi088_real_data                         0x2000432c   Data          36  bsp_bmi088.o(.bss)
    ist8310_real_data                        0x20004350   Data          16  bsp_bmi088.o(.bss)
    bmi088_real_angle                        0x20004360   Data          44  bsp_bmi088.o(.bss)
    gyro_offset                              0x2000438c   Data          12  bsp_bmi088.o(.bss)
    gyro_cali_offset                         0x20004398   Data          12  bsp_bmi088.o(.bss)
    accel_offset                             0x200043a4   Data          12  bsp_bmi088.o(.bss)
    mag_offset                               0x200043b0   Data          12  bsp_bmi088.o(.bss)
    imu_cali_offset                          0x20004410   Data          39  bsp_offset.o(.bss)
    __initial_sp                             0x20004880   Data           0  startup_stm32f405xx.o(STACK)



==============================================================================

Memory Map of the image

  Image Entry point : 0x08000189

  Load Region LR_IROM1 (Base: 0x08000000, Size: 0x00007314, Max: 0x00100000, ABSOLUTE, COMPRESSED[0x00007208])

    Execution Region ER_IROM1 (Exec base: 0x08000000, Load base: 0x08000000, Size: 0x00007184, Max: 0x00100000, ABSOLUTE)

    Exec Addr    Load Addr    Size         Type   Attr      Idx    E Section Name        Object

    0x08000000   0x08000000   0x00000188   Data   RO         2920    RESET               startup_stm32f405xx.o
    0x08000188   0x08000188   0x00000000   Code   RO         5690  * .ARM.Collect$$$$00000000  mc_w.l(entry.o)
    0x08000188   0x08000188   0x00000004   Code   RO         5726    .ARM.Collect$$$$00000001  mc_w.l(entry2.o)
    0x0800018c   0x0800018c   0x00000004   Code   RO         5729    .ARM.Collect$$$$00000004  mc_w.l(entry5.o)
    0x08000190   0x08000190   0x00000000   Code   RO         5731    .ARM.Collect$$$$00000008  mc_w.l(entry7b.o)
    0x08000190   0x08000190   0x00000000   Code   RO         5733    .ARM.Collect$$$$0000000A  mc_w.l(entry8b.o)
    0x08000190   0x08000190   0x00000008   Code   RO         5734    .ARM.Collect$$$$0000000B  mc_w.l(entry9a.o)
    0x08000198   0x08000198   0x00000000   Code   RO         5736    .ARM.Collect$$$$0000000D  mc_w.l(entry10a.o)
    0x08000198   0x08000198   0x00000000   Code   RO         5738    .ARM.Collect$$$$0000000F  mc_w.l(entry11a.o)
    0x08000198   0x08000198   0x00000004   Code   RO         5727    .ARM.Collect$$$$00002712  mc_w.l(entry2.o)
    0x0800019c   0x0800019c   0x000000be   Code   RO         4153    .emb_text           port.o
    0x0800025a   0x0800025a   0x00000002   PAD
    0x0800025c   0x0800025c   0x00000024   Code   RO         2921    .text               startup_stm32f405xx.o
    0x08000280   0x08000280   0x00000078   Code   RO         5462    .text               arm_cortexM4lf_math.lib(arm_cos_f32.o)
    0x080002f8   0x080002f8   0x00000074   Code   RO         5515    .text               arm_cortexM4lf_math.lib(arm_sin_f32.o)
    0x0800036c   0x0800036c   0x00000062   Code   RO         5693    .text               mc_w.l(uldiv.o)
    0x080003ce   0x080003ce   0x00000024   Code   RO         5695    .text               mc_w.l(memcpya.o)
    0x080003f2   0x080003f2   0x00000024   Code   RO         5699    .text               mc_w.l(memseta.o)
    0x08000416   0x08000416   0x0000001e   Code   RO         5740    .text               mc_w.l(llshl.o)
    0x08000434   0x08000434   0x00000020   Code   RO         5742    .text               mc_w.l(llushr.o)
    0x08000454   0x08000454   0x00000000   Code   RO         5751    .text               mc_w.l(iusefp.o)
    0x08000454   0x08000454   0x00000024   Code   RO         5758    .text               mc_w.l(init.o)
    0x08000478   0x08000478   0x00000056   Code   RO         5770    .text               mc_w.l(__dczerorl2.o)
    0x080004ce   0x080004ce   0x00000002   PAD
    0x080004d0   0x080004d0   0x00000128   Code   RO          599    i.ADC_Init          stm32f4xx_hal_adc.o
    0x080005f8   0x080005f8   0x00000004   Code   RO         4617    i.AHRS_asinf        ahrs_middleware.o
    0x080005fc   0x080005fc   0x00000004   Code   RO         4618    i.AHRS_atan2f       ahrs_middleware.o
    0x08000600   0x08000600   0x00000004   Code   RO         4619    i.AHRS_cosf         ahrs_middleware.o
    0x08000604   0x08000604   0x0000001a   Code   RO         5372    i.AHRS_fabs         AHRS.lib(ahrs.o)
    0x0800061e   0x0800061e   0x00000002   PAD
    0x08000620   0x08000620   0x00000014   Code   RO         4620    i.AHRS_get_height   ahrs_middleware.o
    0x08000634   0x08000634   0x0000000e   Code   RO         4621    i.AHRS_get_latitude  ahrs_middleware.o
    0x08000642   0x08000642   0x00000002   PAD
    0x08000644   0x08000644   0x0000029c   Code   RO         5373    i.AHRS_init         AHRS.lib(ahrs.o)
    0x080008e0   0x080008e0   0x00000014   Code   RO         4622    i.AHRS_invSqrt      ahrs_middleware.o
    0x080008f4   0x080008f4   0x00000004   Code   RO         4623    i.AHRS_sinf         ahrs_middleware.o
    0x080008f8   0x080008f8   0x0000013a   Code   RO         5374    i.AHRS_update       AHRS.lib(ahrs.o)
    0x08000a32   0x08000a32   0x00000002   PAD
    0x08000a34   0x08000a34   0x00000010   Code   RO         5027    i.BMI088_ACCEL_NS_H  bmi088middleware.o
    0x08000a44   0x08000a44   0x00000010   Code   RO         5028    i.BMI088_ACCEL_NS_L  bmi088middleware.o
    0x08000a54   0x08000a54   0x00000002   Code   RO         5029    i.BMI088_Com_Init   bmi088middleware.o
    0x08000a56   0x08000a56   0x00000004   Code   RO         5030    i.BMI088_Delay_ms   bmi088middleware.o
    0x08000a5a   0x08000a5a   0x0000002e   Code   RO         5031    i.BMI088_Delay_us   bmi088middleware.o
    0x08000a88   0x08000a88   0x000000ac   Code   RO         5106    i.BMI088_Drive_Init  bsp_bmi088.o
    0x08000b34   0x08000b34   0x00000002   Code   RO         5032    i.BMI088_GPIO_Init  bmi088middleware.o
    0x08000b36   0x08000b36   0x00000002   PAD
    0x08000b38   0x08000b38   0x00000010   Code   RO         5033    i.BMI088_GYRO_NS_H  bmi088middleware.o
    0x08000b48   0x08000b48   0x00000010   Code   RO         5034    i.BMI088_GYRO_NS_L  bmi088middleware.o
    0x08000b58   0x08000b58   0x0000002e   Code   RO         4900    i.BMI088_Init       bmi088driver.o
    0x08000b86   0x08000b86   0x00000002   PAD
    0x08000b88   0x08000b88   0x00000164   Code   RO         4901    i.BMI088_Read       bmi088driver.o
    0x08000cec   0x08000cec   0x00000024   Code   RO         4902    i.BMI088_Read_Muli_Reg  bmi088driver.o
    0x08000d10   0x08000d10   0x00000016   Code   RO         4903    i.BMI088_Read_Single_Reg  bmi088driver.o
    0x08000d26   0x08000d26   0x00000002   PAD
    0x08000d28   0x08000d28   0x00000020   Code   RO         5035    i.BMI088_Read_Write_Byte  bmi088middleware.o
    0x08000d48   0x08000d48   0x00000190   Code   RO         5107    i.BMI088_Read_update  bsp_bmi088.o
    0x08000ed8   0x08000ed8   0x00000012   Code   RO         4904    i.BMI088_Write_Single_Reg  bmi088driver.o
    0x08000eea   0x08000eea   0x00000002   PAD
    0x08000eec   0x08000eec   0x00000080   Code   RO         4905    i.BMI088_accel_read_over  bmi088driver.o
    0x08000f6c   0x08000f6c   0x00000060   Code   RO         4906    i.BMI088_gyro_read_over  bmi088driver.o
    0x08000fcc   0x08000fcc   0x0000002e   Code   RO         4909    i.BMI088_temperature_read_over  bmi088driver.o
    0x08000ffa   0x08000ffa   0x00000002   Code   RO          484    i.BusFault_Handler  stm32f4xx_it.o
    0x08000ffc   0x08000ffc   0x000002b0   Code   RO         5108    i.DMA2_Stream2_IRQHandler  bsp_bmi088.o
    0x080012ac   0x080012ac   0x0000000c   Code   RO          485    i.DMA2_Stream3_IRQHandler  stm32f4xx_it.o
    0x080012b8   0x080012b8   0x00000028   Code   RO         1330    i.DMA_CalcBaseAndBitshift  stm32f4xx_hal_dma.o
    0x080012e0   0x080012e0   0x00000054   Code   RO         1331    i.DMA_CheckFifoParam  stm32f4xx_hal_dma.o
    0x08001334   0x08001334   0x00000002   Code   RO          486    i.DebugMon_Handler  stm32f4xx_it.o
    0x08001336   0x08001336   0x00000006   Code   RO          487    i.EXTI0_IRQHandler  stm32f4xx_it.o
    0x0800133c   0x0800133c   0x00000006   Code   RO          488    i.EXTI1_IRQHandler  stm32f4xx_it.o
    0x08001342   0x08001342   0x00000002   Code   RO            4    i.Error_Handler     main.o
    0x08001344   0x08001344   0x00000050   Code   RO         1145    i.FLASH_Erase_Sector  stm32f4xx_hal_flash_ex.o
    0x08001394   0x08001394   0x00000054   Code   RO         1146    i.FLASH_FlushCaches  stm32f4xx_hal_flash_ex.o
    0x080013e8   0x080013e8   0x00000028   Code   RO         1147    i.FLASH_MassErase   stm32f4xx_hal_flash_ex.o
    0x08001410   0x08001410   0x00000020   Code   RO         1027    i.FLASH_Program_Byte  stm32f4xx_hal_flash.o
    0x08001430   0x08001430   0x0000002c   Code   RO         1028    i.FLASH_Program_DoubleWord  stm32f4xx_hal_flash.o
    0x0800145c   0x0800145c   0x00000024   Code   RO         1029    i.FLASH_Program_HalfWord  stm32f4xx_hal_flash.o
    0x08001480   0x08001480   0x00000024   Code   RO         1030    i.FLASH_Program_Word  stm32f4xx_hal_flash.o
    0x080014a4   0x080014a4   0x00000068   Code   RO         1031    i.FLASH_SetErrorCode  stm32f4xx_hal_flash.o
    0x0800150c   0x0800150c   0x00000050   Code   RO         1032    i.FLASH_WaitForLastOperation  stm32f4xx_hal_flash.o
    0x0800155c   0x0800155c   0x0000014c   Code   RO          601    i.HAL_ADC_ConfigChannel  stm32f4xx_hal_adc.o
    0x080016a8   0x080016a8   0x00000054   Code   RO          610    i.HAL_ADC_Init      stm32f4xx_hal_adc.o
    0x080016fc   0x080016fc   0x00000028   Code   RO          234    i.HAL_ADC_MspInit   adc.o
    0x08001724   0x08001724   0x0000011a   Code   RO         2017    i.HAL_CAN_Init      stm32f4xx_hal_can.o
    0x0800183e   0x0800183e   0x00000002   PAD
    0x08001840   0x08001840   0x0000006c   Code   RO          276    i.HAL_CAN_MspInit   can.o
    0x080018ac   0x080018ac   0x00000024   Code   RO         1334    i.HAL_DMA_Abort_IT  stm32f4xx_hal_dma.o
    0x080018d0   0x080018d0   0x000001a0   Code   RO         1338    i.HAL_DMA_IRQHandler  stm32f4xx_hal_dma.o
    0x08001a70   0x08001a70   0x000000d4   Code   RO         1339    i.HAL_DMA_Init      stm32f4xx_hal_dma.o
    0x08001b44   0x08001b44   0x00000098   Code   RO         1148    i.HAL_FLASHEx_Erase  stm32f4xx_hal_flash_ex.o
    0x08001bdc   0x08001bdc   0x00000014   Code   RO         1036    i.HAL_FLASH_Lock    stm32f4xx_hal_flash.o
    0x08001bf0   0x08001bf0   0x0000007c   Code   RO         1041    i.HAL_FLASH_Program  stm32f4xx_hal_flash.o
    0x08001c6c   0x08001c6c   0x0000002c   Code   RO         1043    i.HAL_FLASH_Unlock  stm32f4xx_hal_flash.o
    0x08001c98   0x08001c98   0x00000034   Code   RO         5109    i.HAL_GPIO_EXTI_Callback  bsp_bmi088.o
    0x08001ccc   0x08001ccc   0x00000018   Code   RO         1225    i.HAL_GPIO_EXTI_IRQHandler  stm32f4xx_hal_gpio.o
    0x08001ce4   0x08001ce4   0x000001b8   Code   RO         1226    i.HAL_GPIO_Init     stm32f4xx_hal_gpio.o
    0x08001e9c   0x08001e9c   0x0000000e   Code   RO         1229    i.HAL_GPIO_TogglePin  stm32f4xx_hal_gpio.o
    0x08001eaa   0x08001eaa   0x0000000a   Code   RO         1230    i.HAL_GPIO_WritePin  stm32f4xx_hal_gpio.o
    0x08001eb4   0x08001eb4   0x0000000c   Code   RO         1758    i.HAL_GetTick       stm32f4xx_hal.o
    0x08001ec0   0x08001ec0   0x00000010   Code   RO         1764    i.HAL_IncTick       stm32f4xx_hal.o
    0x08001ed0   0x08001ed0   0x00000034   Code   RO         1765    i.HAL_Init          stm32f4xx_hal.o
    0x08001f04   0x08001f04   0x00000040   Code   RO         1766    i.HAL_InitTick      stm32f4xx_hal.o
    0x08001f44   0x08001f44   0x00000038   Code   RO          572    i.HAL_MspInit       stm32f4xx_hal_msp.o
    0x08001f7c   0x08001f7c   0x0000001a   Code   RO         1615    i.HAL_NVIC_EnableIRQ  stm32f4xx_hal_cortex.o
    0x08001f96   0x08001f96   0x00000002   PAD
    0x08001f98   0x08001f98   0x00000040   Code   RO         1621    i.HAL_NVIC_SetPriority  stm32f4xx_hal_cortex.o
    0x08001fd8   0x08001fd8   0x00000024   Code   RO         1622    i.HAL_NVIC_SetPriorityGrouping  stm32f4xx_hal_cortex.o
    0x08001ffc   0x08001ffc   0x00000134   Code   RO          872    i.HAL_RCC_ClockConfig  stm32f4xx_hal_rcc.o
    0x08002130   0x08002130   0x00000020   Code   RO          879    i.HAL_RCC_GetPCLK1Freq  stm32f4xx_hal_rcc.o
    0x08002150   0x08002150   0x00000020   Code   RO          880    i.HAL_RCC_GetPCLK2Freq  stm32f4xx_hal_rcc.o
    0x08002170   0x08002170   0x00000064   Code   RO          881    i.HAL_RCC_GetSysClockFreq  stm32f4xx_hal_rcc.o
    0x080021d4   0x080021d4   0x0000035c   Code   RO          884    i.HAL_RCC_OscConfig  stm32f4xx_hal_rcc.o
    0x08002530   0x08002530   0x00000080   Code   RO         2248    i.HAL_SPI_Init      stm32f4xx_hal_spi.o
    0x080025b0   0x080025b0   0x000000d8   Code   RO          401    i.HAL_SPI_MspInit   spi.o
    0x08002688   0x08002688   0x000001e2   Code   RO         2257    i.HAL_SPI_TransmitReceive  stm32f4xx_hal_spi.o
    0x0800286a   0x0800286a   0x00000028   Code   RO         1626    i.HAL_SYSTICK_Config  stm32f4xx_hal_cortex.o
    0x08002892   0x08002892   0x00000002   Code   RO         2616    i.HAL_UART_ErrorCallback  stm32f4xx_hal_uart.o
    0x08002894   0x08002894   0x00000114   Code   RO         2619    i.HAL_UART_IRQHandler  stm32f4xx_hal_uart.o
    0x080029a8   0x080029a8   0x00000062   Code   RO         2620    i.HAL_UART_Init     stm32f4xx_hal_uart.o
    0x08002a0a   0x08002a0a   0x00000002   PAD
    0x08002a0c   0x08002a0c   0x0000007c   Code   RO          443    i.HAL_UART_MspInit  usart.o
    0x08002a88   0x08002a88   0x00000002   Code   RO         2626    i.HAL_UART_RxCpltCallback  stm32f4xx_hal_uart.o
    0x08002a8a   0x08002a8a   0x00000002   Code   RO         2631    i.HAL_UART_TxCpltCallback  stm32f4xx_hal_uart.o
    0x08002a8c   0x08002a8c   0x00000002   Code   RO          489    i.HardFault_Handler  stm32f4xx_it.o
    0x08002a8e   0x08002a8e   0x00000002   PAD
    0x08002a90   0x08002a90   0x00000064   Code   RO          235    i.MX_ADC1_Init      adc.o
    0x08002af4   0x08002af4   0x00000044   Code   RO          277    i.MX_CAN1_Init      can.o
    0x08002b38   0x08002b38   0x0000003c   Code   RO          317    i.MX_DMA_Init       dma.o
    0x08002b74   0x08002b74   0x00000030   Code   RO          341    i.MX_FREERTOS_Init  freertos.o
    0x08002ba4   0x08002ba4   0x000000dc   Code   RO          209    i.MX_GPIO_Init      gpio.o
    0x08002c80   0x08002c80   0x00000048   Code   RO          402    i.MX_SPI1_Init      spi.o
    0x08002cc8   0x08002cc8   0x00000038   Code   RO          444    i.MX_USART1_UART_Init  usart.o
    0x08002d00   0x08002d00   0x00000002   Code   RO          490    i.MemManage_Handler  stm32f4xx_it.o
    0x08002d02   0x08002d02   0x00000002   Code   RO          491    i.NMI_Handler       stm32f4xx_it.o
    0x08002d04   0x08002d04   0x00001274   Code   RO         4449    i.SPI1_DMA_enable   bsp_spi.o
    0x08003f78   0x08003f78   0x000000f0   Code   RO         4450    i.SPI1_DMA_init     bsp_spi.o
    0x08004068   0x08004068   0x00000058   Code   RO         2286    i.SPI_EndRxTxTransaction  stm32f4xx_hal_spi.o
    0x080040c0   0x080040c0   0x00000094   Code   RO         2291    i.SPI_WaitFlagStateUntilTimeout  stm32f4xx_hal_spi.o
    0x08004154   0x08004154   0x00000008   Code   RO          342    i.StartDefaultTask  freertos.o
    0x0800415c   0x0800415c   0x00000018   Code   RO          492    i.SysTick_Handler   stm32f4xx_it.o
    0x08004174   0x08004174   0x00000088   Code   RO            5    i.SystemClock_Config  main.o
    0x080041fc   0x080041fc   0x0000001c   Code   RO         2929    i.SystemInit        system_stm32f4xx.o
    0x08004218   0x08004218   0x00000010   Code   RO         2633    i.UART_DMAAbortOnError  stm32f4xx_hal_uart.o
    0x08004228   0x08004228   0x0000001c   Code   RO         2643    i.UART_EndRxTransfer  stm32f4xx_hal_uart.o
    0x08004244   0x08004244   0x00000096   Code   RO         2645    i.UART_Receive_IT   stm32f4xx_hal_uart.o
    0x080042da   0x080042da   0x00000002   PAD
    0x080042dc   0x080042dc   0x00000128   Code   RO         2646    i.UART_SetConfig    stm32f4xx_hal_uart.o
    0x08004404   0x08004404   0x00000062   Code   RO         2647    i.UART_Transmit_IT  stm32f4xx_hal_uart.o
    0x08004466   0x08004466   0x00000002   PAD
    0x08004468   0x08004468   0x0000000c   Code   RO          493    i.USART1_IRQHandler  stm32f4xx_it.o
    0x08004474   0x08004474   0x00000002   Code   RO          494    i.UsageFault_Handler  stm32f4xx_it.o
    0x08004476   0x08004476   0x00000026   Code   RO         5707    i.__ARM_fpclassifyf  m_wm.l(fpclassifyf.o)
    0x0800449c   0x0800449c   0x00000020   Code   RO         1628    i.__NVIC_SetPriority  stm32f4xx_hal_cortex.o
    0x080044bc   0x080044bc   0x0000012c   Code   RO         5630    i.__hardfp_asinf    m_wm.l(asinf.o)
    0x080045e8   0x080045e8   0x00000250   Code   RO         5642    i.__hardfp_atan2f   m_wm.l(atan2f.o)
    0x08004838   0x08004838   0x0000003a   Code   RO         5672    i.__hardfp_sqrtf    m_wm.l(sqrtf_full.o)
    0x08004872   0x08004872   0x00000006   Code   RO         5710    i.__mathlib_flt_infnan  m_wm.l(funder.o)
    0x08004878   0x08004878   0x00000006   Code   RO         5711    i.__mathlib_flt_infnan2  m_wm.l(funder.o)
    0x0800487e   0x0800487e   0x00000002   PAD
    0x08004880   0x08004880   0x00000010   Code   RO         5712    i.__mathlib_flt_invalid  m_wm.l(funder.o)
    0x08004890   0x08004890   0x00000010   Code   RO         5715    i.__mathlib_flt_underflow  m_wm.l(funder.o)
    0x080048a0   0x080048a0   0x0000000e   Code   RO         5764    i.__scatterload_copy  mc_w.l(handlers.o)
    0x080048ae   0x080048ae   0x00000002   Code   RO         5765    i.__scatterload_null  mc_w.l(handlers.o)
    0x080048b0   0x080048b0   0x0000000e   Code   RO         5766    i.__scatterload_zeroinit  mc_w.l(handlers.o)
    0x080048be   0x080048be   0x00000002   PAD
    0x080048c0   0x080048c0   0x0000000c   Code   RO         5746    i.__set_errno       mc_w.l(errno.o)
    0x080048cc   0x080048cc   0x000001d0   Code   RO         5375    i.accel_comple_filter  AHRS.lib(ahrs.o)
    0x08004a9c   0x08004a9c   0x0000018c   Code   RO         5376    i.accel_update_kp_ki  AHRS.lib(ahrs.o)
    0x08004c28   0x08004c28   0x0000016c   Code   RO         5377    i.angle_to_quat     AHRS.lib(ahrs.o)
    0x08004d94   0x08004d94   0x00000110   Code   RO         4910    i.bmi088_accel_init  bmi088driver.o
    0x08004ea4   0x08004ea4   0x00000294   Code   RO         4911    i.bmi088_accel_self_test  bmi088driver.o
    0x08005138   0x08005138   0x000000dc   Code   RO         4912    i.bmi088_gyro_init  bmi088driver.o
    0x08005214   0x08005214   0x000000ca   Code   RO         4913    i.bmi088_gyro_self_test  bmi088driver.o
    0x080052de   0x080052de   0x00000004   Code   RO         5208    i.cali_accel_hook   bsp_offset.o
    0x080052e2   0x080052e2   0x00000002   PAD
    0x080052e4   0x080052e4   0x0000008c   Code   RO         5210    i.cali_data_read    bsp_offset.o
    0x08005370   0x08005370   0x0000003c   Code   RO         5211    i.cali_gyro_hook    bsp_offset.o
    0x080053ac   0x080053ac   0x0000006c   Code   RO         5212    i.cali_imu_data_write  bsp_offset.o
    0x08005418   0x08005418   0x00000004   Code   RO         5213    i.cali_mag_hook     bsp_offset.o
    0x0800541c   0x0800541c   0x00000078   Code   RO         5214    i.cali_param_init   bsp_offset.o
    0x08005494   0x08005494   0x00000068   Code   RO         5215    i.calibrate_imu     bsp_offset.o
    0x080054fc   0x080054fc   0x0000002a   Code   RO         4389    i.flash_erase_address  bsp_flash.o
    0x08005526   0x08005526   0x0000000c   Code   RO         4390    i.flash_read        bsp_flash.o
    0x08005532   0x08005532   0x00000002   PAD
    0x08005534   0x08005534   0x00000068   Code   RO         4392    i.flash_write_single_address  bsp_flash.o
    0x0800559c   0x0800559c   0x000000c4   Code   RO         4393    i.ger_sector        bsp_flash.o
    0x08005660   0x08005660   0x000000e8   Code   RO         5378    i.get_angle         AHRS.lib(ahrs.o)
    0x08005748   0x08005748   0x000000d4   Code   RO         4394    i.get_next_flash_address  bsp_flash.o
    0x0800581c   0x0800581c   0x00000040   Code   RO         5112    i.gyro_offset_calc  bsp_bmi088.o
    0x0800585c   0x0800585c   0x00000060   Code   RO         5114    i.imu_cali_gyro     bsp_bmi088.o
    0x080058bc   0x080058bc   0x000000ec   Code   RO         5115    i.imu_cali_slove    bsp_bmi088.o
    0x080059a8   0x080059a8   0x000000f4   Code   RO         5116    i.imu_cmd_spi_dma   bsp_bmi088.o
    0x08005a9c   0x08005a9c   0x00000050   Code   RO         5117    i.imu_continuous_processing  bsp_bmi088.o
    0x08005aec   0x08005aec   0x00000028   Code   RO         5118    i.imu_set_cali_gyro  bsp_bmi088.o
    0x08005b14   0x08005b14   0x0000003a   Code   RO         4483    i.imu_task          imu_task.o
    0x08005b4e   0x08005b4e   0x00000002   PAD
    0x08005b50   0x08005b50   0x00000028   Code   RO         4484    i.imu_task_creat    imu_task.o
    0x08005b78   0x08005b78   0x0000000c   Code   RO         3723    i.inHandlerMode     cmsis_os.o
    0x08005b84   0x08005b84   0x00000024   Code   RO         4581    i.led_task          led_task.o
    0x08005ba8   0x08005ba8   0x00000028   Code   RO         4582    i.led_task_creat    led_task.o
    0x08005bd0   0x08005bd0   0x0000002a   Code   RO            6    i.main              main.o
    0x08005bfa   0x08005bfa   0x0000000c   Code   RO         3725    i.makeFreeRtosPriority  cmsis_os.o
    0x08005c06   0x08005c06   0x0000000e   Code   RO         3727    i.osDelay           cmsis_os.o
    0x08005c14   0x08005c14   0x00000004   Code   RO         3728    i.osDelayUntil      cmsis_os.o
    0x08005c18   0x08005c18   0x0000000a   Code   RO         3730    i.osKernelStart     cmsis_os.o
    0x08005c22   0x08005c22   0x00000018   Code   RO         3731    i.osKernelSysTick   cmsis_os.o
    0x08005c3a   0x08005c3a   0x00000054   Code   RO         3764    i.osThreadCreate    cmsis_os.o
    0x08005c8e   0x08005c8e   0x00000002   PAD
    0x08005c90   0x08005c90   0x00000070   Code   RO         3422    i.prvAddCurrentTaskToDelayedList  tasks.o
    0x08005d00   0x08005d00   0x000000d0   Code   RO         3423    i.prvAddNewTaskToReadyList  tasks.o
    0x08005dd0   0x08005dd0   0x00000034   Code   RO         3424    i.prvDeleteTCB      tasks.o
    0x08005e04   0x08005e04   0x0000004c   Code   RO         4092    i.prvHeapInit       heap_4.o
    0x08005e50   0x08005e50   0x00000060   Code   RO         3425    i.prvIdleTask       tasks.o
    0x08005eb0   0x08005eb0   0x0000008e   Code   RO         3426    i.prvInitialiseNewTask  tasks.o
    0x08005f3e   0x08005f3e   0x00000002   PAD
    0x08005f40   0x08005f40   0x0000004c   Code   RO         4093    i.prvInsertBlockIntoFreeList  heap_4.o
    0x08005f8c   0x08005f8c   0x00000020   Code   RO         3427    i.prvResetNextTaskUnblockTime  tasks.o
    0x08005fac   0x08005fac   0x00000028   Code   RO         4154    i.prvTaskExitError  port.o
    0x08005fd4   0x08005fd4   0x000000d8   Code   RO         4094    i.pvPortMalloc      heap_4.o
    0x080060ac   0x080060ac   0x0000002c   Code   RO         4155    i.pxPortInitialiseStack  port.o
    0x080060d8   0x080060d8   0x00000084   Code   RO         5383    i.quat_normalization  AHRS.lib(ahrs.o)
    0x0800615c   0x0800615c   0x0000003e   Code   RO         5674    i.sqrtf             m_wm.l(sqrtf_full.o)
    0x0800619a   0x0800619a   0x0000007a   Code   RO         5384    i.update_w          AHRS.lib(ahrs.o)
    0x08006214   0x08006214   0x00000026   Code   RO         3067    i.uxListRemove      list.o
    0x0800623a   0x0800623a   0x00000002   PAD
    0x0800623c   0x0800623c   0x00000014   Code   RO          343    i.vApplicationGetIdleTaskMemory  freertos.o
    0x08006250   0x08006250   0x00000016   Code   RO         3068    i.vListInitialise   list.o
    0x08006266   0x08006266   0x00000006   Code   RO         3069    i.vListInitialiseItem  list.o
    0x0800626c   0x0800626c   0x00000030   Code   RO         3070    i.vListInsert       list.o
    0x0800629c   0x0800629c   0x00000018   Code   RO         3071    i.vListInsertEnd    list.o
    0x080062b4   0x080062b4   0x00000040   Code   RO         4157    i.vPortEnterCritical  port.o
    0x080062f4   0x080062f4   0x00000028   Code   RO         4158    i.vPortExitCritical  port.o
    0x0800631c   0x0800631c   0x0000005c   Code   RO         4095    i.vPortFree         heap_4.o
    0x08006378   0x08006378   0x00000024   Code   RO         4159    i.vPortSetupTimerInterrupt  port.o
    0x0800639c   0x0800639c   0x00000054   Code   RO         4160    i.vPortValidateInterruptPriority  port.o
    0x080063f0   0x080063f0   0x0000004c   Code   RO         3435    i.vTaskDelay        tasks.o
    0x0800643c   0x0800643c   0x0000006c   Code   RO         3448    i.vTaskStartScheduler  tasks.o
    0x080064a8   0x080064a8   0x00000010   Code   RO         3450    i.vTaskSuspendAll   tasks.o
    0x080064b8   0x080064b8   0x0000005c   Code   RO         3451    i.vTaskSwitchContext  tasks.o
    0x08006514   0x08006514   0x000000f4   Code   RO         4161    i.xPortStartScheduler  port.o
    0x08006608   0x08006608   0x0000002c   Code   RO         4162    i.xPortSysTickHandler  port.o
    0x08006634   0x08006634   0x0000005a   Code   RO         3453    i.xTaskCreate       tasks.o
    0x0800668e   0x0800668e   0x00000056   Code   RO         3454    i.xTaskCreateStatic  tasks.o
    0x080066e4   0x080066e4   0x0000001c   Code   RO         3458    i.xTaskGetSchedulerState  tasks.o
    0x08006700   0x08006700   0x0000000c   Code   RO         3459    i.xTaskGetTickCount  tasks.o
    0x0800670c   0x0800670c   0x00000010   Code   RO         3460    i.xTaskGetTickCountFromISR  tasks.o
    0x0800671c   0x0800671c   0x000000c8   Code   RO         3461    i.xTaskIncrementTick  tasks.o
    0x080067e4   0x080067e4   0x000000c4   Code   RO         3467    i.xTaskResumeAll    tasks.o
    0x080068a8   0x080068a8   0x0000001c   Data   RO          345    .constdata          freertos.o
    0x080068c4   0x080068c4   0x00000008   Data   RO         1345    .constdata          stm32f4xx_hal_dma.o
    0x080068cc   0x080068cc   0x00000010   Data   RO         2930    .constdata          system_stm32f4xx.o
    0x080068dc   0x080068dc   0x00000008   Data   RO         2931    .constdata          system_stm32f4xx.o
    0x080068e4   0x080068e4   0x0000001c   Data   RO         4485    .constdata          imu_task.o
    0x08006900   0x08006900   0x0000001c   Data   RO         4583    .constdata          led_task.o
    0x0800691c   0x0800691c   0x00000012   Data   RO         4918    .constdata          bmi088driver.o
    0x0800692e   0x0800692e   0x00000009   Data   RO         5220    .constdata          bsp_offset.o
    0x08006937   0x08006937   0x00000001   PAD
    0x08006938   0x08006938   0x0000000c   Data   RO         5385    .constdata          AHRS.lib(ahrs.o)
    0x08006944   0x08006944   0x00000804   Data   RO         5595    .constdata          arm_cortexM4lf_math.lib(arm_common_tables.o)
    0x08007148   0x08007148   0x0000000c   Data   RO          346    .conststring        freertos.o
    0x08007154   0x08007154   0x00000008   Data   RO         4486    .conststring        imu_task.o
    0x0800715c   0x0800715c   0x00000008   Data   RO         4584    .conststring        led_task.o
    0x08007164   0x08007164   0x00000020   Data   RO         5762    Region$$Table       anon$$obj.o


    Execution Region RW_IRAM1 (Exec base: 0x20000000, Load base: 0x08007184, Size: 0x00004880, Max: 0x00020000, ABSOLUTE, COMPRESSED[0x00000084])

    Exec Addr    Load Addr    Size         Type   Attr      Idx    E Section Name        Object

    0x20000000   COMPRESSED   0x00000004   Data   RW          347    .data               freertos.o
    0x20000004   COMPRESSED   0x0000000c   Data   RW         1772    .data               stm32f4xx_hal.o
    0x20000010   COMPRESSED   0x00000004   Data   RW         2932    .data               system_stm32f4xx.o
    0x20000014   COMPRESSED   0x0000003c   Data   RW         3470    .data               tasks.o
    0x20000050   COMPRESSED   0x00000018   Data   RW         4100    .data               heap_4.o
    0x20000068   COMPRESSED   0x0000000c   Data   RW         4163    .data               port.o
    0x20000074   COMPRESSED   0x00000010   Data   RW         4395    .data               bsp_flash.o
    0x20000084   COMPRESSED   0x00000004   Data   RW         4487    .data               imu_task.o
    0x20000088   COMPRESSED   0x00000004   Data   RW         4585    .data               led_task.o
    0x2000008c   COMPRESSED   0x00000038   Data   RW         4919    .data               bmi088driver.o
    0x200000c4   COMPRESSED   0x00000098   Data   RW         5123    .data               bsp_bmi088.o
    0x2000015c   COMPRESSED   0x00000020   Data   RW         5221    .data               bsp_offset.o
    0x2000017c   COMPRESSED   0x00000010   Data   RW         5386    .data               AHRS.lib(ahrs.o)
    0x2000018c   COMPRESSED   0x00000004   Data   RW         5747    .data               mc_w.l(errno.o)
    0x20000190        -       0x00000048   Zero   RW          236    .bss                adc.o
    0x200001d8        -       0x00000028   Zero   RW          278    .bss                can.o
    0x20000200        -       0x00000254   Zero   RW          344    .bss                freertos.o
    0x20000454        -       0x00000118   Zero   RW          403    .bss                spi.o
    0x2000056c        -       0x00000040   Zero   RW          445    .bss                usart.o
    0x200005ac        -       0x00000020   Zero   RW         1044    .bss                stm32f4xx_hal_flash.o
    0x200005cc        -       0x000000f0   Zero   RW         3469    .bss                tasks.o
    0x200006bc        -       0x00003c00   Zero   RW         4099    .bss                heap_4.o
    0x200042bc        -       0x00000100   Zero   RW         5119    .bss                bsp_bmi088.o
    0x200043bc        -       0x0000007b   Zero   RW         5216    .bss                bsp_offset.o
    0x20004437   COMPRESSED   0x00000001   PAD
    0x20004438        -       0x00000018   Zero   RW         5217    .bss                bsp_offset.o
    0x20004450        -       0x00000018   Zero   RW         5218    .bss                bsp_offset.o
    0x20004468        -       0x00000018   Zero   RW         5219    .bss                bsp_offset.o
    0x20004480        -       0x00000400   Zero   RW         2918    STACK               startup_stm32f405xx.o


==============================================================================

Image component sizes


      Code (inc. data)   RO Data    RW Data    ZI Data      Debug   Object Name

       140         22          0          0         72       1641   adc.o
        70          6          0          0          0       5084   ahrs_middleware.o
      2102         34         18         56          0      11336   bmi088driver.o
       150         28          0          0          0       4988   bmi088middleware.o
         0          0          0          0          0       5300   bsp_adc.o
      2072        124          0        152        256      10483   bsp_bmi088.o
       566         96          0         16          0       4425   bsp_flash.o
       540         48          9         32        195       5566   bsp_offset.o
      4964         74          0          0          0       2502   bsp_spi.o
       176         22          0          0         40       1761   can.o
       160          0          0          0          0      29702   cmsis_os.o
        60          4          0          0          0        818   dma.o
         0          0          0          0          0      18284   event_groups.o
        76         14         40          4        596       2602   freertos.o
       220         20          0          0          0       1023   gpio.o
       460         24          0         24      15360       7527   heap_4.o
        98         10         36          4          0      26948   imu_task.o
        76         16         36          4          0       1780   led_task.o
       138          0          0          0          0       3726   list.o
       180         10          0          0          0     679896   main.o
       786         82          0         12          0      12277   port.o
       288         28          0          0        280       1935   spi.o
        36          8        392          0       1024        824   startup_stm32f405xx.o
       144         24          0         12          0       8961   stm32f4xx_hal.o
       712         28          0          0          0       2995   stm32f4xx_hal_adc.o
       282          0          0          0          0       1395   stm32f4xx_hal_can.o
       198         14          0          0          0      34131   stm32f4xx_hal_cortex.o
       788         16          8          0          0       4891   stm32f4xx_hal_dma.o
       520         66          0          0         32       6902   stm32f4xx_hal_flash.o
       356         24          0          0          0       4138   stm32f4xx_hal_flash_ex.o
       488         52          0          0          0       3784   stm32f4xx_hal_gpio.o
        56          4          0          0          0        894   stm32f4xx_hal_msp.o
      1332         82          0          0          0       5396   stm32f4xx_hal_rcc.o
       846          8          0          0          0       4873   stm32f4xx_hal_spi.o
       968         16          0          0          0       7767   stm32f4xx_hal_uart.o
        72         12          0          0          0       5399   stm32f4xx_it.o
         0          0          0          0          0        416   stream_buffer.o
        28          6         24          4          0       1215   system_stm32f4xx.o
      1562        126          0         60        240      18934   tasks.o
       180         22          0          0         64       1786   usart.o

    ----------------------------------------------------------------------
     21926       1170        596        380      18160     954305   Object Totals
         0          0         32          0          0          0   (incl. Generated)
        36          0          1          0          1          0   (incl. Padding)

    ----------------------------------------------------------------------

      Code (inc. data)   RO Data    RW Data    ZI Data      Debug   Library Member Name

      2718         84         12         16          0       9922   ahrs.o
         0          0       2052          0          0       4636   arm_common_tables.o
       120         12          0          0          0      16970   arm_cos_f32.o
       116         12          0          0          0        658   arm_sin_f32.o
       300         42          0          0          0        176   asinf.o
       592         90          0          0          0        184   atan2f.o
        38          0          0          0          0        116   fpclassifyf.o
        44         12          0          0          0        464   funder.o
       120          0          0          0          0        272   sqrtf_full.o
        86          0          0          0          0          0   __dczerorl2.o
         0          0          0          0          0          0   entry.o
         0          0          0          0          0          0   entry10a.o
         0          0          0          0          0          0   entry11a.o
         8          4          0          0          0          0   entry2.o
         4          0          0          0          0          0   entry5.o
         0          0          0          0          0          0   entry7b.o
         0          0          0          0          0          0   entry8b.o
         8          4          0          0          0          0   entry9a.o
        12          6          0          4          0         68   errno.o
        30          0          0          0          0          0   handlers.o
        36          8          0          0          0         68   init.o
         0          0          0          0          0          0   iusefp.o
        30          0          0          0          0         68   llshl.o
        32          0          0          0          0         68   llushr.o
        36          0          0          0          0         68   memcpya.o
        36          0          0          0          0        108   memseta.o
        98          0          0          0          0         92   uldiv.o

    ----------------------------------------------------------------------
      4474        274       2064         20          0      33938   Library Totals
        10          0          0          0          0          0   (incl. Padding)

    ----------------------------------------------------------------------

      Code (inc. data)   RO Data    RW Data    ZI Data      Debug   Library Name

      2718         84         12         16          0       9922   AHRS.lib
       236         24       2052          0          0      22264   arm_cortexM4lf_math.lib
      1094        144          0          0          0       1212   m_wm.l
       416         22          0          4          0        540   mc_w.l

    ----------------------------------------------------------------------
      4474        274       2064         20          0      33938   Library Totals

    ----------------------------------------------------------------------

==============================================================================


      Code (inc. data)   RO Data    RW Data    ZI Data      Debug   

     26400       1444       2660        400      18160     969571   Grand Totals
     26400       1444       2660        132      18160     969571   ELF Image Totals (compressed)
     26400       1444       2660        132          0          0   ROM Totals

==============================================================================

    Total RO  Size (Code + RO Data)                29060 (  28.38kB)
    Total RW  Size (RW Data + ZI Data)             18560 (  18.13kB)
    Total ROM Size (Code + RO Data + RW Data)      29192 (  28.51kB)

==============================================================================

